Component: ARM Compiler 5.06 update 7 (build 960) Tool: armlink [4d3601]

==============================================================================

Section Cross References

    startup_stm32l053xx.o(STACK) refers (Special) to heapauxi.o(.text) for __use_two_region_memory
    startup_stm32l053xx.o(HEAP) refers (Special) to heapauxi.o(.text) for __use_two_region_memory
    startup_stm32l053xx.o(RESET) refers (Special) to heapauxi.o(.text) for __use_two_region_memory
    startup_stm32l053xx.o(RESET) refers to startup_stm32l053xx.o(STACK) for __initial_sp
    startup_stm32l053xx.o(RESET) refers to startup_stm32l053xx.o(.text) for Reset_Handler
    startup_stm32l053xx.o(RESET) refers to stm32l0xx_it.o(i.NMI_Handler) for NMI_Handler
    startup_stm32l053xx.o(RESET) refers to stm32l0xx_it.o(i.HardFault_Handler) for HardFault_Handler
    startup_stm32l053xx.o(RESET) refers to stm32l0xx_it.o(i.SVC_Handler) for SVC_Handler
    startup_stm32l053xx.o(RESET) refers to stm32l0xx_it.o(i.PendSV_Handler) for PendSV_Handler
    startup_stm32l053xx.o(RESET) refers to stm32l0xx_it.o(i.SysTick_Handler) for SysTick_Handler
    startup_stm32l053xx.o(RESET) refers to stm32l0xx_it.o(i.DMA1_Channel2_3_IRQHandler) for DMA1_Channel2_3_IRQHandler
    startup_stm32l053xx.o(RESET) refers to stm32l0xx_it.o(i.ADC1_COMP_IRQHandler) for ADC1_COMP_IRQHandler
    startup_stm32l053xx.o(RESET) refers to stm32l0xx_it.o(i.TIM2_IRQHandler) for TIM2_IRQHandler
    startup_stm32l053xx.o(RESET) refers to stm32l0xx_it.o(i.TIM6_DAC_IRQHandler) for TIM6_DAC_IRQHandler
    startup_stm32l053xx.o(RESET) refers to stm32l0xx_it.o(i.TIM21_IRQHandler) for TIM21_IRQHandler
    startup_stm32l053xx.o(RESET) refers to stm32l0xx_it.o(i.USART1_IRQHandler) for USART1_IRQHandler
    startup_stm32l053xx.o(.text) refers (Special) to heapauxi.o(.text) for __use_two_region_memory
    startup_stm32l053xx.o(.text) refers to system_stm32l0xx.o(i.SystemInit) for SystemInit
    startup_stm32l053xx.o(.text) refers to __main.o(!!!main) for __main
    startup_stm32l053xx.o(.text) refers to startup_stm32l053xx.o(HEAP) for Heap_Mem
    startup_stm32l053xx.o(.text) refers to startup_stm32l053xx.o(STACK) for Stack_Mem
    main.o(i.MX_ADC_Init) refers to stm32l0xx_hal_adc.o(i.HAL_ADC_Init) for HAL_ADC_Init
    main.o(i.MX_ADC_Init) refers to stm32l0xx_hal_adc.o(i.HAL_ADC_ConfigChannel) for HAL_ADC_ConfigChannel
    main.o(i.MX_ADC_Init) refers to main.o(.bss) for .bss
    main.o(i.MX_GPIO_Init) refers to rt_memclr.o(.text) for __aeabi_memclr4
    main.o(i.MX_GPIO_Init) refers to stm32l0xx_hal_gpio.o(i.HAL_GPIO_WritePin) for HAL_GPIO_WritePin
    main.o(i.MX_GPIO_Init) refers to stm32l0xx_hal_gpio.o(i.HAL_GPIO_Init) for HAL_GPIO_Init
    main.o(i.MX_TIM21_Init) refers to stm32l0xx_hal_tim.o(i.HAL_TIM_Base_Init) for HAL_TIM_Base_Init
    main.o(i.MX_TIM21_Init) refers to stm32l0xx_hal_tim.o(i.HAL_TIM_ConfigClockSource) for HAL_TIM_ConfigClockSource
    main.o(i.MX_TIM21_Init) refers to stm32l0xx_hal_tim_ex.o(i.HAL_TIMEx_MasterConfigSynchronization) for HAL_TIMEx_MasterConfigSynchronization
    main.o(i.MX_TIM21_Init) refers to main.o(.bss) for .bss
    main.o(i.MX_TIM2_Init) refers to stm32l0xx_hal_tim.o(i.HAL_TIM_Base_Init) for HAL_TIM_Base_Init
    main.o(i.MX_TIM2_Init) refers to stm32l0xx_hal_tim.o(i.HAL_TIM_ConfigClockSource) for HAL_TIM_ConfigClockSource
    main.o(i.MX_TIM2_Init) refers to stm32l0xx_hal_tim.o(i.HAL_TIM_PWM_Init) for HAL_TIM_PWM_Init
    main.o(i.MX_TIM2_Init) refers to stm32l0xx_hal_tim_ex.o(i.HAL_TIMEx_MasterConfigSynchronization) for HAL_TIMEx_MasterConfigSynchronization
    main.o(i.MX_TIM2_Init) refers to stm32l0xx_hal_tim.o(i.HAL_TIM_PWM_ConfigChannel) for HAL_TIM_PWM_ConfigChannel
    main.o(i.MX_TIM2_Init) refers to stm32l0xx_hal_msp.o(i.HAL_TIM_MspPostInit) for HAL_TIM_MspPostInit
    main.o(i.MX_TIM2_Init) refers to main.o(.bss) for .bss
    main.o(i.MX_USART1_UART_Init) refers to stm32l0xx_hal_uart.o(i.HAL_UART_Init) for HAL_UART_Init
    main.o(i.MX_USART1_UART_Init) refers to main.o(.bss) for .bss
    main.o(i.SystemClock_Config) refers to rt_memclr.o(.text) for __aeabi_memclr4
    main.o(i.SystemClock_Config) refers to stm32l0xx_hal_rcc.o(i.HAL_RCC_OscConfig) for HAL_RCC_OscConfig
    main.o(i.SystemClock_Config) refers to stm32l0xx_hal_rcc.o(i.HAL_RCC_ClockConfig) for HAL_RCC_ClockConfig
    main.o(i.SystemClock_Config) refers to stm32l0xx_hal_rcc_ex.o(i.HAL_RCCEx_PeriphCLKConfig) for HAL_RCCEx_PeriphCLKConfig
    main.o(i.main) refers to _printf_percent.o(.ARM.Collect$$_printf_percent$$00000000) for _printf_percent
    main.o(i.main) refers to _printf_f.o(.ARM.Collect$$_printf_percent$$00000003) for _printf_f
    main.o(i.main) refers to printf1.o(x$fpl$printf1) for _printf_fp_dec
    main.o(i.main) refers to stm32l0xx_hal.o(i.HAL_Init) for HAL_Init
    main.o(i.main) refers to main.o(i.SystemClock_Config) for SystemClock_Config
    main.o(i.main) refers to main.o(i.MX_GPIO_Init) for MX_GPIO_Init
[...]
    ../clib/printf.c                         0x00000000   Number         0  __printf_nopercent.o ABSOLUTE
    ../clib/printf.c                         0x00000000   Number         0  _printf_fp_infnan.o ABSOLUTE
    ../clib/printf.c                         0x00000000   Number         0  _printf_fp_dec.o ABSOLUTE
    ../clib/printf.c                         0x00000000   Number         0  __printf_ss_wp.o ABSOLUTE
    ../clib/printf.c                         0x00000000   Number         0  __printf_flags_wp.o ABSOLUTE
    ../clib/printf.c                         0x00000000   Number         0  __printf_wp.o ABSOLUTE
    ../clib/printf.c                         0x00000000   Number         0  __2sprintf.o ABSOLUTE
    ../clib/printf.c                         0x00000000   Number         0  __printf_ss.o ABSOLUTE
    ../clib/printf.c                         0x00000000   Number         0  noretval__2sprintf.o ABSOLUTE
    ../clib/printf.c                         0x00000000   Number         0  _sputc.o ABSOLUTE
    ../clib/printf_percent.s                 0x00000000   Number         0  _printf_f.o ABSOLUTE
    ../clib/printf_percent.s                 0x00000000   Number         0  _printf_percent.o ABSOLUTE
    ../clib/printf_percent.s                 0x00000000   Number         0  _printf_percent_end.o ABSOLUTE
    ../clib/signal.c                         0x00000000   Number         0  defsig_general.o ABSOLUTE
    ../clib/signal.c                         0x00000000   Number         0  __raise.o ABSOLUTE
    ../clib/signal.c                         0x00000000   Number         0  defsig_fpe_outer.o ABSOLUTE
    ../clib/signal.c                         0x00000000   Number         0  defsig_stak_inner.o ABSOLUTE
    ../clib/signal.c                         0x00000000   Number         0  defsig_pvfn_inner.o ABSOLUTE
    ../clib/signal.c                         0x00000000   Number         0  defsig_rtmem_formal.o ABSOLUTE
    ../clib/signal.c                         0x00000000   Number         0  defsig_other.o ABSOLUTE
    ../clib/signal.c                         0x00000000   Number         0  defsig_fpe_formal.o ABSOLUTE
    ../clib/signal.c                         0x00000000   Number         0  defsig_cppl_inner.o ABSOLUTE
    ../clib/signal.c                         0x00000000   Number         0  defsig_rtmem_outer.o ABSOLUTE
    ../clib/signal.c                         0x00000000   Number         0  defsig_segv_inner.o ABSOLUTE
    ../clib/signal.c                         0x00000000   Number         0  defsig_abrt_inner.o ABSOLUTE
    ../clib/signal.c                         0x00000000   Number         0  defsig_rtred_inner.o ABSOLUTE
    ../clib/signal.c                         0x00000000   Number         0  defsig_rtmem_inner.o ABSOLUTE
    ../clib/signal.c                         0x00000000   Number         0  defsig_fpe_inner.o ABSOLUTE
    ../clib/signal.c                         0x00000000   Number         0  defsig_exit.o ABSOLUTE
    ../clib/signal.s                         0x00000000   Number         0  defsig.o ABSOLUTE
    ../clib/stdlib.c                         0x00000000   Number         0  exit.o ABSOLUTE
    ../clib/string.c                         0x00000000   Number         0  strcmp.o ABSOLUTE
    ../clib/string.c                         0x00000000   Number         0  strlen.o ABSOLUTE
    ../fplib/cfplib/f2d.c                    0x00000000   Number         0  f2d.o ABSOLUTE
    ../fplib/cfplib/fflt.c                   0x00000000   Number         0  fflti.o ABSOLUTE
    ../fplib/cfplib/fpinit.c                 0x00000000   Number         0  fpinit.o ABSOLUTE
    ../fplib/cfplib/ieee_status.c            0x00000000   Number         0  ieee_status.o ABSOLUTE
    ../fplib/cfplib/scalbn.c                 0x00000000   Number         0  fscalbn.o ABSOLUTE
    ../fplib/faddsub6m.s                     0x00000000   Number         0  faddsub.o ABSOLUTE
    ../fplib/fmul6m.s                        0x00000000   Number         0  fmul.o ABSOLUTE
    ../fplib/printf1.s                       0x00000000   Number         0  printf1.o ABSOLUTE
    ../fplib/usenofp.s                       0x00000000   Number         0  usenofp.o ABSOLUTE
    ../mathlib/fpclassify.c                  0x00000000   Number         0  fpclassify.o ABSOLUTE
    ..\Core\Src\main.c                       0x00000000   Number         0  main.o ABSOLUTE
    ..\Core\Src\stm32l0xx_hal_msp.c          0x00000000   Number         0  stm32l0xx_hal_msp.o ABSOLUTE
    ..\Core\Src\stm32l0xx_it.c               0x00000000   Number         0  stm32l0xx_it.o ABSOLUTE
    ..\Core\Src\system_stm32l0xx.c           0x00000000   Number         0  system_stm32l0xx.o ABSOLUTE
    ..\Drivers\STM32L0xx_HAL_Driver\Src\stm32l0xx_hal.c 0x00000000   Number         0  stm32l0xx_hal.o ABSOLUTE
    ..\Drivers\STM32L0xx_HAL_Driver\Src\stm32l0xx_hal_adc.c 0x00000000   Number         0  stm32l0xx_hal_adc.o ABSOLUTE
    ..\Drivers\STM32L0xx_HAL_Driver\Src\stm32l0xx_hal_adc_ex.c 0x00000000   Number         0  stm32l0xx_hal_adc_ex.o ABSOLUTE
    ..\Drivers\STM32L0xx_HAL_Driver\Src\stm32l0xx_hal_cortex.c 0x00000000   Number         0  stm32l0xx_hal_cortex.o ABSOLUTE
    ..\Drivers\STM32L0xx_HAL_Driver\Src\stm32l0xx_hal_dma.c 0x00000000   Number         0  stm32l0xx_hal_dma.o ABSOLUTE
    ..\Drivers\STM32L0xx_HAL_Driver\Src\stm32l0xx_hal_exti.c 0x00000000   Number         0  stm32l0xx_hal_exti.o ABSOLUTE
    ..\Drivers\STM32L0xx_HAL_Driver\Src\stm32l0xx_hal_flash.c 0x00000000   Number         0  stm32l0xx_hal_flash.o ABSOLUTE
    ..\Drivers\STM32L0xx_HAL_Driver\Src\stm32l0xx_hal_flash_ex.c 0x00000000   Number         0  stm32l0xx_hal_flash_ex.o ABSOLUTE
    ..\Drivers\STM32L0xx_HAL_Driver\Src\stm32l0xx_hal_flash_ramfunc.c 0x00000000   Number         0  stm32l0xx_hal_flash_ramfunc.o ABSOLUTE
    ..\Drivers\STM32L0xx_HAL_Driver\Src\stm32l0xx_hal_gpio.c 0x00000000   Number         0  stm32l0xx_hal_gpio.o ABSOLUTE
    ..\Drivers\STM32L0xx_HAL_Driver\Src\stm32l0xx_hal_i2c.c 0x00000000   Number         0  stm32l0xx_hal_i2c.o ABSOLUTE
    ..\Drivers\STM32L0xx_HAL_Driver\Src\stm32l0xx_hal_i2c_ex.c 0x00000000   Number         0  stm32l0xx_hal_i2c_ex.o ABSOLUTE
    ..\Drivers\STM32L0xx_HAL_Driver\Src\stm32l0xx_hal_pwr.c 0x00000000   Number         0  stm32l0xx_hal_pwr.o ABSOLUTE
    ..\Drivers\STM32L0xx_HAL_Driver\Src\stm32l0xx_hal_pwr_ex.c 0x00000000   Number         0  stm32l0xx_hal_pwr_ex.o ABSOLUTE
    ..\Drivers\STM32L0xx_HAL_Driver\Src\stm32l0xx_hal_rcc.c 0x00000000   Number         0  stm32l0xx_hal_rcc.o ABSOLUTE
    ..\Drivers\STM32L0xx_HAL_Driver\Src\stm32l0xx_hal_rcc_ex.c 0x00000000   Number         0  stm32l0xx_hal_rcc_ex.o ABSOLUTE
    ..\Drivers\STM32L0xx_HAL_Driver\Src\stm32l0xx_hal_tim.c 0x00000000   Number         0  stm32l0xx_hal_tim.o ABSOLUTE
    ..\Drivers\STM32L0xx_HAL_Driver\Src\stm32l0xx_hal_tim_ex.c 0x00000000   Number         0  stm32l0xx_hal_tim_ex.o ABSOLUTE
    ..\Drivers\STM32L0xx_HAL_Driver\Src\stm32l0xx_hal_uart.c 0x00000000   Number         0  stm32l0xx_hal_uart.o ABSOLUTE
    ..\Drivers\STM32L0xx_HAL_Driver\Src\stm32l0xx_hal_uart_ex.c 0x00000000   Number         0  stm32l0xx_hal_uart_ex.o ABSOLUTE
    dc.s                                     0x00000000   Number         0  dc.o ABSOLUTE
    startup_stm32l053xx.s                    0x00000000   Number         0  startup_stm32l053xx.o ABSOLUTE
    RESET                                    0x08000000   Section      192  startup_stm32l053xx.o(RESET)
    !!!main                                  0x080000c0   Section        8  __main.o(!!!main)
    !!!scatter                               0x080000c8   Section       60  __scatter.o(!!!scatter)
    !!handler_copy                           0x08000104   Section       26  __scatter_copy.o(!!handler_copy)
    !!handler_zi                             0x08000120   Section       28  __scatter_zi.o(!!handler_zi)
    .ARM.Collect$$_printf_percent$$00000000  0x0800013c   Section        2  _printf_percent.o(.ARM.Collect$$_printf_percent$$00000000)
    .ARM.Collect$$_printf_percent$$00000003  0x0800013e   Section       10  _printf_f.o(.ARM.Collect$$_printf_percent$$00000003)
    .ARM.Collect$$_printf_percent$$00000017  0x08000148   Section        4  _printf_percent_end.o(.ARM.Collect$$_printf_percent$$00000017)
    .ARM.Collect$$libinit$$00000000          0x0800014c   Section        2  libinit.o(.ARM.Collect$$libinit$$00000000)
    .ARM.Collect$$libinit$$00000002          0x0800014e   Section        0  libinit2.o(.ARM.Collect$$libinit$$00000002)
    .ARM.Collect$$libinit$$00000004          0x0800014e   Section        0  libinit2.o(.ARM.Collect$$libinit$$00000004)
    .ARM.Collect$$libinit$$0000000A          0x0800014e   Section        0  libinit2.o(.ARM.Collect$$libinit$$0000000A)
    .ARM.Collect$$libinit$$0000000C          0x0800014e   Section        0  libinit2.o(.ARM.Collect$$libinit$$0000000C)
    .ARM.Collect$$libinit$$0000000E          0x0800014e   Section        0  libinit2.o(.ARM.Collect$$libinit$$0000000E)
    .ARM.Collect$$libinit$$0000000F          0x0800014e   Section        6  libinit2.o(.ARM.Collect$$libinit$$0000000F)
    .ARM.Collect$$libinit$$00000011          0x08000154   Section        0  libinit2.o(.ARM.Collect$$libinit$$00000011)
    .ARM.Collect$$libinit$$00000013          0x08000154   Section        0  libinit2.o(.ARM.Collect$$libinit$$00000013)
    .ARM.Collect$$libinit$$00000015          0x08000154   Section        0  libinit2.o(.ARM.Collect$$libinit$$00000015)
    .ARM.Collect$$libinit$$00000016          0x08000154   Section       10  libinit2.o(.ARM.Collect$$libinit$$00000016)
    .ARM.Collect$$libinit$$00000017          0x0800015e   Section        0  libinit2.o(.ARM.Collect$$libinit$$00000017)
    .ARM.Collect$$libinit$$00000019          0x0800015e   Section        0  libinit2.o(.ARM.Collect$$libinit$$00000019)
    .ARM.Collect$$libinit$$0000001B          0x0800015e   Section        0  libinit2.o(.ARM.Collect$$libinit$$0000001B)
    .ARM.Collect$$libinit$$0000001D          0x0800015e   Section        0  libinit2.o(.ARM.Collect$$libinit$$0000001D)
    .ARM.Collect$$libinit$$0000001F          0x0800015e   Section        0  libinit2.o(.ARM.Collect$$libinit$$0000001F)
    .ARM.Collect$$libinit$$00000021          0x0800015e   Section        0  libinit2.o(.ARM.Collect$$libinit$$00000021)
    .ARM.Collect$$libinit$$00000023          0x0800015e   Section        0  libinit2.o(.ARM.Collect$$libinit$$00000023)
    .ARM.Collect$$libinit$$00000025          0x0800015e   Section        0  libinit2.o(.ARM.Collect$$libinit$$00000025)
    .ARM.Collect$$libinit$$0000002C          0x0800015e   Section        0  libinit2.o(.ARM.Collect$$libinit$$0000002C)
    .ARM.Collect$$libinit$$0000002E          0x0800015e   Section        0  libinit2.o(.ARM.Collect$$libinit$$0000002E)
    .ARM.Collect$$libinit$$00000030          0x0800015e   Section        0  libinit2.o(.ARM.Collect$$libinit$$00000030)
    .ARM.Collect$$libinit$$00000032          0x0800015e   Section        0  libinit2.o(.ARM.Collect$$libinit$$00000032)
    .ARM.Collect$$libinit$$00000033          0x0800015e   Section        2  libinit2.o(.ARM.Collect$$libinit$$00000033)
    .ARM.Collect$$libshutdown$$00000000      0x08000160   Section        2  libshutdown.o(.ARM.Collect$$libshutdown$$00000000)
    .ARM.Collect$$libshutdown$$00000002      0x08000162   Section        0  libshutdown2.o(.ARM.Collect$$libshutdown$$00000002)
    .ARM.Collect$$libshutdown$$00000004      0x08000162   Section        0  libshutdown2.o(.ARM.Collect$$libshutdown$$00000004)
    .ARM.Collect$$libshutdown$$00000006      0x08000162   Section        0  libshutdown2.o(.ARM.Collect$$libshutdown$$00000006)
    .ARM.Collect$$libshutdown$$00000009      0x08000162   Section        0  libshutdown2.o(.ARM.Collect$$libshutdown$$00000009)
    .ARM.Collect$$libshutdown$$0000000C      0x08000162   Section        0  libshutdown2.o(.ARM.Collect$$libshutdown$$0000000C)
    .ARM.Collect$$libshutdown$$0000000E      0x08000162   Section        0  libshutdown2.o(.ARM.Collect$$libshutdown$$0000000E)
    .ARM.Collect$$libshutdown$$00000011      0x08000162   Section        0  libshutdown2.o(.ARM.Collect$$libshutdown$$00000011)
    .ARM.Collect$$libshutdown$$00000012      0x08000162   Section        2  libshutdown2.o(.ARM.Collect$$libshutdown$$00000012)
    .ARM.Collect$$rtentry$$00000000          0x08000164   Section        0  __rtentry.o(.ARM.Collect$$rtentry$$00000000)
    .ARM.Collect$$rtentry$$00000002          0x08000164   Section        0  __rtentry2.o(.ARM.Collect$$rtentry$$00000002)
    .ARM.Collect$$rtentry$$00000004          0x08000164   Section        6  __rtentry4.o(.ARM.Collect$$rtentry$$00000004)
    .ARM.Collect$$rtentry$$00000009          0x0800016a   Section        0  __rtentry2.o(.ARM.Collect$$rtentry$$00000009)
    .ARM.Collect$$rtentry$$0000000A          0x0800016a   Section        4  __rtentry2.o(.ARM.Collect$$rtentry$$0000000A)
    .ARM.Collect$$rtentry$$0000000C          0x0800016e   Section        0  __rtentry2.o(.ARM.Collect$$rtentry$$0000000C)
    .ARM.Collect$$rtentry$$0000000D          0x0800016e   Section        8  __rtentry2.o(.ARM.Collect$$rtentry$$0000000D)
    .ARM.Collect$$rtexit$$00000000           0x08000176   Section        2  rtexit.o(.ARM.Collect$$rtexit$$00000000)
    .ARM.Collect$$rtexit$$00000002           0x08000178   Section        0  rtexit2.o(.ARM.Collect$$rtexit$$00000002)
    .ARM.Collect$$rtexit$$00000003           0x08000178   Section        4  rtexit2.o(.ARM.Collect$$rtexit$$00000003)
    .ARM.Collect$$rtexit$$00000004           0x0800017c   Section        6  rtexit2.o(.ARM.Collect$$rtexit$$00000004)
    .text                                    0x08000184   Section       56  startup_stm32l053xx.o(.text)
    .text                                    0x080001bc   Section        0  lludiv.o(.text)
    .text                                    0x080002c0   Section        0  noretval__2sprintf.o(.text)
    .text                                    0x080002e8   Section        0  __printf_wp.o(.text)
    .text                                    0x080003f8   Section        0  strlen.o(.text)
    .text                                    0x0800043c   Section        0  rt_memclr.o(.text)
    .text                                    0x0800047c   Section      346  aeabi_sdiv.o(.text)
    .text                                    0x080005d6   Section        0  heapauxi.o(.text)
    .text                                    0x080005dc   Section        0  f2d.o(.text)
    .text                                    0x08000630   Section        0  fflti.o(.text)
    .text                                    0x08000690   Section        0  fscalbn.o(.text)
    .text                                    0x080006d4   Section        0  _printf_fp_dec.o(.text)
    _fp_digits                               0x080006d7   Thumb Code   412  _printf_fp_dec.o(.text)
    .text                                    0x08000aec   Section        0  _printf_char_common.o(.text)
    _printf_input_char                       0x08000aed   Thumb Code    10  _printf_char_common.o(.text)
    .text                                    0x08000b1c   Section        0  _sputc.o(.text)
    .text                                    0x08000b28   Section        8  rt_locale_intlibspace.o(.text)
    .text                                    0x08000b30   Section        0  lludiv10.o(.text)
    .text                                    0x08000bac   Section        0  _printf_fp_infnan.o(.text)
    .text                                    0x08000c34   Section        0  bigflt0.o(.text)
    .text                                    0x08000d0c   Section        0  btod.o(.text)
    btod_internal_mul                        0x08000d4d   Thumb Code   492  btod.o(.text)
    btod_internal_div                        0x08000f39   Thumb Code   520  btod.o(.text)
    .text                                    0x0800128c   Section        0  rtudiv10.o(.text)
    .text                                    0x080012b4   Section        8  libspace.o(.text)
    .text                                    0x080012bc   Section       62  sys_stackheap_outer.o(.text)
    .text                                    0x080012fa   Section        0  exit.o(.text)
    .text                                    0x0800130c   Section        0  strcmp.o(.text)
    .text                                    0x08001394   Section        0  sys_exit.o(.text)
    .text                                    0x080013a0   Section        2  use_no_semi.o(.text)
    .text                                    0x080013a2   Section        0  indicate_semi.o(.text)
    i.ADC1_COMP_IRQHandler                   0x080013a4   Section        0  stm32l0xx_it.o(i.ADC1_COMP_IRQHandler)
    i.ADC_ConversionStop                     0x080013b4   Section        0  stm32l0xx_hal_adc.o(i.ADC_ConversionStop)
    ADC_ConversionStop                       0x080013b5   Thumb Code    90  stm32l0xx_hal_adc.o(i.ADC_ConversionStop)
    i.ADC_DelayMicroSecond                   0x08001410   Section        0  stm32l0xx_hal_adc.o(i.ADC_DelayMicroSecond)
    ADC_DelayMicroSecond                     0x08001411   Thumb Code    28  stm32l0xx_hal_adc.o(i.ADC_DelayMicroSecond)
    i.ADC_Disable                            0x08001434   Section        0  stm32l0xx_hal_adc.o(i.ADC_Disable)
    ADC_Disable                              0x08001435   Thumb Code   104  stm32l0xx_hal_adc.o(i.ADC_Disable)
    i.ADC_Enable                             0x0800149c   Section        0  stm32l0xx_hal_adc.o(i.ADC_Enable)
    ADC_Enable                               0x0800149d   Thumb Code   106  stm32l0xx_hal_adc.o(i.ADC_Enable)
    i.DMA1_Channel2_3_IRQHandler             0x0800150c   Section        0  stm32l0xx_it.o(i.DMA1_Channel2_3_IRQHandler)
    i.Error_Handler                          0x08001524   Section        0  main.o(i.Error_Handler)
    i.HAL_ADCEx_Calibration_Start            0x08001528   Section        0  stm32l0xx_hal_adc_ex.o(i.HAL_ADCEx_Calibration_Start)
    i.HAL_ADC_ConfigChannel                  0x080015dc   Section        0  stm32l0xx_hal_adc.o(i.HAL_ADC_ConfigChannel)
    i.HAL_ADC_ConvCpltCallback               0x08001694   Section        0  main.o(i.HAL_ADC_ConvCpltCallback)
    i.HAL_ADC_ErrorCallback                  0x08001696   Section        0  stm32l0xx_hal_adc.o(i.HAL_ADC_ErrorCallback)
    i.HAL_ADC_GetValue                       0x08001698   Section        0  stm32l0xx_hal_adc.o(i.HAL_ADC_GetValue)
    i.HAL_ADC_IRQHandler                     0x0800169e   Section        0  stm32l0xx_hal_adc.o(i.HAL_ADC_IRQHandler)
    i.HAL_ADC_Init                           0x08001778   Section        0  stm32l0xx_hal_adc.o(i.HAL_ADC_Init)
    i.HAL_ADC_LevelOutOfWindowCallback       0x08001940   Section        0  stm32l0xx_hal_adc.o(i.HAL_ADC_LevelOutOfWindowCallback)
    i.HAL_ADC_MspInit                        0x08001944   Section        0  stm32l0xx_hal_msp.o(i.HAL_ADC_MspInit)
    i.HAL_ADC_PollForConversion              0x080019a8   Section        0  stm32l0xx_hal_adc.o(i.HAL_ADC_PollForConversion)
    i.HAL_ADC_Start                          0x08001a70   Section        0  stm32l0xx_hal_adc.o(i.HAL_ADC_Start)
    i.HAL_ADC_Stop                           0x08001acc   Section        0  stm32l0xx_hal_adc.o(i.HAL_ADC_Stop)
    i.HAL_DMA_Abort                          0x08001b0a   Section        0  stm32l0xx_hal_dma.o(i.HAL_DMA_Abort)
    i.HAL_DMA_Abort_IT                       0x08001b4e   Section        0  stm32l0xx_hal_dma.o(i.HAL_DMA_Abort_IT)
    i.HAL_DMA_IRQHandler                     0x08001b9a   Section        0  stm32l0xx_hal_dma.o(i.HAL_DMA_IRQHandler)
    i.HAL_DMA_Init                           0x08001c44   Section        0  stm32l0xx_hal_dma.o(i.HAL_DMA_Init)
    i.HAL_Delay                              0x08001cd4   Section        0  stm32l0xx_hal.o(i.HAL_Delay)
    i.HAL_GPIO_Init                          0x08001cf8   Section        0  stm32l0xx_hal_gpio.o(i.HAL_GPIO_Init)
    i.HAL_GPIO_TogglePin                     0x08001ea8   Section        0  stm32l0xx_hal_gpio.o(i.HAL_GPIO_TogglePin)
    i.HAL_GPIO_WritePin                      0x08001eb8   Section        0  stm32l0xx_hal_gpio.o(i.HAL_GPIO_WritePin)
    i.HAL_GetTick                            0x08001ec4   Section        0  stm32l0xx_hal.o(i.HAL_GetTick)
    i.HAL_IncTick                            0x08001ed0   Section        0  stm32l0xx_hal.o(i.HAL_IncTick)
    i.HAL_Init                               0x08001ee0   Section        0  stm32l0xx_hal.o(i.HAL_Init)
    i.HAL_InitTick                           0x08001f08   Section        0  stm32l0xx_hal.o(i.HAL_InitTick)
    i.HAL_MspInit                            0x08001f4c   Section        0  stm32l0xx_hal_msp.o(i.HAL_MspInit)
    i.HAL_NVIC_EnableIRQ                     0x08001f64   Section        0  stm32l0xx_hal_cortex.o(i.HAL_NVIC_EnableIRQ)
    i.HAL_NVIC_SetPriority                   0x08001f7c   Section        0  stm32l0xx_hal_cortex.o(i.HAL_NVIC_SetPriority)
    i.HAL_RCCEx_PeriphCLKConfig              0x08001f84   Section        0  stm32l0xx_hal_rcc_ex.o(i.HAL_RCCEx_PeriphCLKConfig)
    i.HAL_RCC_ClockConfig                    0x0800211c   Section        0  stm32l0xx_hal_rcc.o(i.HAL_RCC_ClockConfig)
    i.HAL_RCC_GetPCLK1Freq                   0x080022b8   Section        0  stm32l0xx_hal_rcc.o(i.HAL_RCC_GetPCLK1Freq)
    i.HAL_RCC_GetPCLK2Freq                   0x080022d8   Section        0  stm32l0xx_hal_rcc.o(i.HAL_RCC_GetPCLK2Freq)
    i.HAL_RCC_GetSysClockFreq                0x080022f8   Section        0  stm32l0xx_hal_rcc.o(i.HAL_RCC_GetSysClockFreq)
    i.HAL_RCC_OscConfig                      0x08002370   Section        0  stm32l0xx_hal_rcc.o(i.HAL_RCC_OscConfig)
    i.HAL_SYSTICK_Config                     0x08002800   Section        0  stm32l0xx_hal_cortex.o(i.HAL_SYSTICK_Config)
    i.HAL_TIMEx_MasterConfigSynchronization  0x08002830   Section        0  stm32l0xx_hal_tim_ex.o(i.HAL_TIMEx_MasterConfigSynchronization)
    i.HAL_TIM_Base_Init                      0x08002888   Section        0  stm32l0xx_hal_tim.o(i.HAL_TIM_Base_Init)
    i.HAL_TIM_Base_MspInit                   0x080028c8   Section        0  stm32l0xx_hal_msp.o(i.HAL_TIM_Base_MspInit)
    i.HAL_TIM_Base_Start_IT                  0x08002934   Section        0  stm32l0xx_hal_tim.o(i.HAL_TIM_Base_Start_IT)
    i.HAL_TIM_ConfigClockSource              0x08002980   Section        0  stm32l0xx_hal_tim.o(i.HAL_TIM_ConfigClockSource)
    i.HAL_TIM_IC_CaptureCallback             0x08002a5c   Section        0  stm32l0xx_hal_tim.o(i.HAL_TIM_IC_CaptureCallback)
    i.HAL_TIM_IRQHandler                     0x08002a5e   Section        0  stm32l0xx_hal_tim.o(i.HAL_TIM_IRQHandler)
    i.HAL_TIM_MspPostInit                    0x08002b84   Section        0  stm32l0xx_hal_msp.o(i.HAL_TIM_MspPostInit)
    i.HAL_TIM_OC_DelayElapsedCallback        0x08002bd0   Section        0  stm32l0xx_hal_tim.o(i.HAL_TIM_OC_DelayElapsedCallback)
    i.HAL_TIM_PWM_ConfigChannel              0x08002bd2   Section        0  stm32l0xx_hal_tim.o(i.HAL_TIM_PWM_ConfigChannel)
    i.HAL_TIM_PWM_Init                       0x08002ca2   Section        0  stm32l0xx_hal_tim.o(i.HAL_TIM_PWM_Init)
    i.HAL_TIM_PWM_MspInit                    0x08002ce0   Section        0  stm32l0xx_hal_tim.o(i.HAL_TIM_PWM_MspInit)
    i.HAL_TIM_PWM_PulseFinishedCallback      0x08002ce2   Section        0  stm32l0xx_hal_tim.o(i.HAL_TIM_PWM_PulseFinishedCallback)
    i.HAL_TIM_PeriodElapsedCallback          0x08002ce4   Section        0  stm32l0xx_hal_tim.o(i.HAL_TIM_PeriodElapsedCallback)
    i.HAL_TIM_TriggerCallback                0x08002ce6   Section        0  stm32l0xx_hal_tim.o(i.HAL_TIM_TriggerCallback)
    i.HAL_UARTEx_RxEventCallback             0x08002ce8   Section        0  stm32l0xx_hal_uart.o(i.HAL_UARTEx_RxEventCallback)
    i.HAL_UARTEx_WakeupCallback              0x08002cea   Section        0  stm32l0xx_hal_uart_ex.o(i.HAL_UARTEx_WakeupCallback)
    i.HAL_UART_ErrorCallback                 0x08002cec   Section        0  stm32l0xx_hal_uart.o(i.HAL_UART_ErrorCallback)
    i.HAL_UART_IRQHandler                    0x08002cf0   Section        0  stm32l0xx_hal_uart.o(i.HAL_UART_IRQHandler)
    i.HAL_UART_Init                          0x08002f94   Section        0  stm32l0xx_hal_uart.o(i.HAL_UART_Init)
    i.HAL_UART_MspInit                       0x08003000   Section        0  stm32l0xx_hal_msp.o(i.HAL_UART_MspInit)
    i.HAL_UART_Transmit                      0x080030d0   Section        0  stm32l0xx_hal_uart.o(i.HAL_UART_Transmit)
    i.HAL_UART_TxCpltCallback                0x080031a2   Section        0  stm32l0xx_hal_uart.o(i.HAL_UART_TxCpltCallback)
    i.HardFault_Handler                      0x080031a4   Section        0  stm32l0xx_it.o(i.HardFault_Handler)
    i.MX_ADC_Init                            0x080031a8   Section        0  main.o(i.MX_ADC_Init)
    MX_ADC_Init                              0x080031a9   Thumb Code   124  main.o(i.MX_ADC_Init)
    i.MX_GPIO_Init                           0x08003234   Section        0  main.o(i.MX_GPIO_Init)
    MX_GPIO_Init                             0x08003235   Thumb Code   186  main.o(i.MX_GPIO_Init)
    i.MX_TIM21_Init                          0x080032fc   Section        0  main.o(i.MX_TIM21_Init)
    MX_TIM21_Init                            0x080032fd   Thumb Code    98  main.o(i.MX_TIM21_Init)
    i.MX_TIM2_Init                           0x0800336c   Section        0  main.o(i.MX_TIM2_Init)
    MX_TIM2_Init                             0x0800336d   Thumb Code   158  main.o(i.MX_TIM2_Init)
    i.MX_USART1_UART_Init                    0x08003410   Section        0  main.o(i.MX_USART1_UART_Init)
    MX_USART1_UART_Init                      0x08003411   Thumb Code    48  main.o(i.MX_USART1_UART_Init)
    i.NMI_Handler                            0x08003448   Section        0  stm32l0xx_it.o(i.NMI_Handler)
    i.PendSV_Handler                         0x0800344a   Section        0  stm32l0xx_it.o(i.PendSV_Handler)
    i.SVC_Handler                            0x0800344c   Section        0  stm32l0xx_it.o(i.SVC_Handler)
    i.SysTick_Handler                        0x0800344e   Section        0  stm32l0xx_it.o(i.SysTick_Handler)
    i.SystemClock_Config                     0x08003458   Section        0  main.o(i.SystemClock_Config)
    i.SystemInit                             0x080034e4   Section        0  system_stm32l0xx.o(i.SystemInit)
    i.TIM21_IRQHandler                       0x080034e8   Section        0  stm32l0xx_it.o(i.TIM21_IRQHandler)
    i.TIM2_IRQHandler                        0x08003500   Section        0  stm32l0xx_it.o(i.TIM2_IRQHandler)
    i.TIM6_DAC_IRQHandler                    0x08003510   Section        0  stm32l0xx_it.o(i.TIM6_DAC_IRQHandler)
    i.TIM_Base_SetConfig                     0x08003520   Section        0  stm32l0xx_hal_tim.o(i.TIM_Base_SetConfig)
    TIM_Base_SetConfig                       0x08003521   Thumb Code    78  stm32l0xx_hal_tim.o(i.TIM_Base_SetConfig)
    i.TIM_ETR_SetConfig                      0x08003578   Section        0  stm32l0xx_hal_tim.o(i.TIM_ETR_SetConfig)
    TIM_ETR_SetConfig                        0x08003579   Thumb Code    22  stm32l0xx_hal_tim.o(i.TIM_ETR_SetConfig)
    i.TIM_ITRx_SetConfig                     0x0800358e   Section        0  stm32l0xx_hal_tim.o(i.TIM_ITRx_SetConfig)
    TIM_ITRx_SetConfig                       0x0800358f   Thumb Code    16  stm32l0xx_hal_tim.o(i.TIM_ITRx_SetConfig)
    i.TIM_OC1_SetConfig                      0x0800359e   Section        0  stm32l0xx_hal_tim.o(i.TIM_OC1_SetConfig)
    TIM_OC1_SetConfig                        0x0800359f   Thumb Code    48  stm32l0xx_hal_tim.o(i.TIM_OC1_SetConfig)
    i.TIM_OC2_SetConfig                      0x080035ce   Section        0  stm32l0xx_hal_tim.o(i.TIM_OC2_SetConfig)
    TIM_OC2_SetConfig                        0x080035cf   Thumb Code    50  stm32l0xx_hal_tim.o(i.TIM_OC2_SetConfig)
    i.TIM_OC3_SetConfig                      0x08003600   Section        0  stm32l0xx_hal_tim.o(i.TIM_OC3_SetConfig)
    TIM_OC3_SetConfig                        0x08003601   Thumb Code    54  stm32l0xx_hal_tim.o(i.TIM_OC3_SetConfig)
    i.TIM_OC4_SetConfig                      0x08003636   Section        0  stm32l0xx_hal_tim.o(i.TIM_OC4_SetConfig)
    TIM_OC4_SetConfig                        0x08003637   Thumb Code    54  stm32l0xx_hal_tim.o(i.TIM_OC4_SetConfig)
    i.TIM_TI1_ConfigInputStage               0x0800366c   Section        0  stm32l0xx_hal_tim.o(i.TIM_TI1_ConfigInputStage)
    TIM_TI1_ConfigInputStage                 0x0800366d   Thumb Code    34  stm32l0xx_hal_tim.o(i.TIM_TI1_ConfigInputStage)
    i.TIM_TI2_ConfigInputStage               0x0800368e   Section        0  stm32l0xx_hal_tim.o(i.TIM_TI2_ConfigInputStage)
    TIM_TI2_ConfigInputStage                 0x0800368f   Thumb Code    38  stm32l0xx_hal_tim.o(i.TIM_TI2_ConfigInputStage)
    i.UART_AdvFeatureConfig                  0x080036b4   Section        0  stm32l0xx_hal_uart.o(i.UART_AdvFeatureConfig)
    i.UART_CheckIdleState                    0x08003780   Section        0  stm32l0xx_hal_uart.o(i.UART_CheckIdleState)
    i.UART_DMAAbortOnError                   0x080037e4   Section        0  stm32l0xx_hal_uart.o(i.UART_DMAAbortOnError)
    UART_DMAAbortOnError                     0x080037e5   Thumb Code    20  stm32l0xx_hal_uart.o(i.UART_DMAAbortOnError)
    i.UART_EndRxTransfer                     0x080037f8   Section        0  stm32l0xx_hal_uart.o(i.UART_EndRxTransfer)
    UART_EndRxTransfer                       0x080037f9   Thumb Code    94  stm32l0xx_hal_uart.o(i.UART_EndRxTransfer)
    i.UART_SetConfig                         0x08003858   Section        0  stm32l0xx_hal_uart.o(i.UART_SetConfig)
    i.UART_WaitOnFlagUntilTimeout            0x08003a58   Section        0  stm32l0xx_hal_uart.o(i.UART_WaitOnFlagUntilTimeout)
    i.USART1_IRQHandler                      0x08003b2c   Section        0  stm32l0xx_it.o(i.USART1_IRQHandler)
    i.__ARM_common_ll_muluu                  0x08003b3c   Section        0  stm32l0xx_hal_rcc.o(i.__ARM_common_ll_muluu)
    i.__ARM_common_switch8                   0x08003b6c   Section        0  stm32l0xx_hal_dma.o(i.__ARM_common_switch8)
    i.__ARM_fpclassify                       0x08003b88   Section        0  fpclassify.o(i.__ARM_fpclassify)
    i.__NVIC_SetPriority                     0x08003bb4   Section        0  stm32l0xx_hal_cortex.o(i.__NVIC_SetPriority)
    __NVIC_SetPriority                       0x08003bb5   Thumb Code    60  stm32l0xx_hal_cortex.o(i.__NVIC_SetPriority)
    i._is_digit                              0x08003bf8   Section        0  __printf_wp.o(i._is_digit)
    i.main                                   0x08003c08   Section        0  main.o(i.main)
    locale$$code                             0x08003d54   Section       44  lc_numeric_c.o(locale$$code)
    x$fpl$fadd                               0x08003d80   Section      140  faddsub.o(x$fpl$fadd)
    _fadd1                                   0x08003d8d   Thumb Code     0  faddsub.o(x$fpl$fadd)
    x$fpl$fmul                               0x08003e0c   Section      176  fmul.o(x$fpl$fmul)
    x$fpl$fsub                               0x08003ebc   Section      208  faddsub.o(x$fpl$fsub)
    _fsub1                                   0x08003ec9   Thumb Code     0  faddsub.o(x$fpl$fsub)
    x$fpl$printf1                            0x08003f8c   Section       16  printf1.o(x$fpl$printf1)
    .constdata                               0x08003f9c   Section       25  system_stm32l0xx.o(.constdata)
    x$fpl$usenofp                            0x08003f9c   Section        0  usenofp.o(x$fpl$usenofp)
    .constdata                               0x08003fb5   Section        8  system_stm32l0xx.o(.constdata)
    .constdata                               0x08003fc0   Section      148  bigflt0.o(.constdata)
    tenpwrs_x                                0x08003fc0   Data          60  bigflt0.o(.constdata)
    tenpwrs_i                                0x08003ffc   Data          64  bigflt0.o(.constdata)
    locale$$data                             0x08004074   Section       28  lc_numeric_c.o(locale$$data)
    __lcnum_c_name                           0x08004078   Data           2  lc_numeric_c.o(locale$$data)
    __lcnum_c_start                          0x08004080   Data           0  lc_numeric_c.o(locale$$data)
    __lcnum_c_point                          0x0800408c   Data           0  lc_numeric_c.o(locale$$data)
    __lcnum_c_thousands                      0x0800408e   Data           0  lc_numeric_c.o(locale$$data)
    __lcnum_c_grouping                       0x0800408f   Data           0  lc_numeric_c.o(locale$$data)
    __lcnum_c_end                            0x08004090   Data           0  lc_numeric_c.o(locale$$data)
    .data                                    0x20000000   Section       12  stm32l0xx_hal.o(.data)
    .data                                    0x2000000c   Section        4  system_stm32l0xx.o(.data)
    .bss                                     0x20000010   Section      416  main.o(.bss)
    .bss                                     0x200001b0   Section       72  main.o(.bss)
    .bss                                     0x200001f8   Section       72  main.o(.bss)
    .bss                                     0x20000240   Section       96  libspace.o(.bss)
    HEAP                                     0x200002a0   Section      512  startup_stm32l053xx.o(HEAP)
    Heap_Mem                                 0x200002a0   Data         512  startup_stm32l053xx.o(HEAP)
    STACK                                    0x200004a0   Section     1024  startup_stm32l053xx.o(STACK)
    Stack_Mem                                0x200004a0   Data        1024  startup_stm32l053xx.o(STACK)
    __initial_sp                             0x200008a0   Data           0  startup_stm32l053xx.o(STACK)

    Global Symbols

    Symbol Name                              Value     Ov Type        Size  Object(Section)

    BuildAttributes$$THM_ISAv3M$S$PE$A:L22$X:L11$S22$IEEE1$IW$USESV6$~STKCKD$USESV7$~SHL$OTIME$ROPI$IEEEJ$EBA8$UX$STANDARDLIB$REQ8$PRES8$EABIv2 0x00000000   Number         0  anon$$obj.o ABSOLUTE
    __ARM_use_no_argv                        0x00000000   Number         0  main.o ABSOLUTE
    _printf_flags                            0x00000000   Number         0  printf_stubs.o ABSOLUTE
    _printf_return_value                     0x00000000   Number         0  printf_stubs.o ABSOLUTE
    _printf_sizespec                         0x00000000   Number         0  printf_stubs.o ABSOLUTE
    _printf_widthprec                        0x00000000   Number         0  printf_stubs.o ABSOLUTE
    __ARM_exceptions_init                     - Undefined Weak Reference
    __alloca_initialize                       - Undefined Weak Reference
    __arm_fini_                               - Undefined Weak Reference
    __arm_preinit_                            - Undefined Weak Reference
    __cpp_initialize__aeabi_                  - Undefined Weak Reference
    __cxa_finalize                            - Undefined Weak Reference
    __sigvec_lookup                           - Undefined Weak Reference
    _atexit_init                              - Undefined Weak Reference
    _call_atexit_fns                          - Undefined Weak Reference
    _clock_init                               - Undefined Weak Reference
    _fp_trap_init                             - Undefined Weak Reference
    _fp_trap_shutdown                         - Undefined Weak Reference
    _get_lc_collate                           - Undefined Weak Reference
    _get_lc_ctype                             - Undefined Weak Reference
    _get_lc_monetary                          - Undefined Weak Reference
    _get_lc_time                              - Undefined Weak Reference
    _getenv_init                              - Undefined Weak Reference
    _handle_redirection                       - Undefined Weak Reference
    _init_alloc                               - Undefined Weak Reference
    _init_user_alloc                          - Undefined Weak Reference
    _initio                                   - Undefined Weak Reference
    _printf_post_padding                      - Undefined Weak Reference
    _printf_pre_padding                       - Undefined Weak Reference
    _rand_init                                - Undefined Weak Reference
    _signal_finish                            - Undefined Weak Reference
    _signal_init                              - Undefined Weak Reference
    _terminate_alloc                          - Undefined Weak Reference
    _terminate_user_alloc                     - Undefined Weak Reference
    _terminateio                              - Undefined Weak Reference
    __Vectors_Size                           0x000000c0   Number         0  startup_stm32l053xx.o ABSOLUTE
    __Vectors                                0x08000000   Data           4  startup_stm32l053xx.o(RESET)
    __Vectors_End                            0x080000c0   Data           0  startup_stm32l053xx.o(RESET)
    __main                                   0x080000c1   Thumb Code     8  __main.o(!!!main)
    __scatterload                            0x080000c9   Thumb Code     0  __scatter.o(!!!scatter)
    __scatterload_rt2                        0x080000c9   Thumb Code    52  __scatter.o(!!!scatter)
    __scatterload_rt2_thumb_only             0x080000c9   Thumb Code     0  __scatter.o(!!!scatter)
    __scatterload_null                       0x080000d9   Thumb Code     0  __scatter.o(!!!scatter)
    __scatterload_copy                       0x08000105   Thumb Code    26  __scatter_copy.o(!!handler_copy)
    __scatterload_zeroinit                   0x08000121   Thumb Code    28  __scatter_zi.o(!!handler_zi)
    _printf_percent                          0x0800013d   Thumb Code     0  _printf_percent.o(.ARM.Collect$$_printf_percent$$00000000)
    _printf_f                                0x0800013f   Thumb Code     0  _printf_f.o(.ARM.Collect$$_printf_percent$$00000003)
    _printf_percent_end                      0x08000149   Thumb Code     0  _printf_percent_end.o(.ARM.Collect$$_printf_percent$$00000017)
    __rt_lib_init                            0x0800014d   Thumb Code     0  libinit.o(.ARM.Collect$$libinit$$00000000)
    __rt_lib_init_fp_1                       0x0800014f   Thumb Code     0  libinit2.o(.ARM.Collect$$libinit$$00000002)
    __rt_lib_init_heap_1                     0x0800014f   Thumb Code     0  libinit2.o(.ARM.Collect$$libinit$$0000000A)
    __rt_lib_init_lc_common                  0x0800014f   Thumb Code     0  libinit2.o(.ARM.Collect$$libinit$$0000000F)
    __rt_lib_init_preinit_1                  0x0800014f   Thumb Code     0  libinit2.o(.ARM.Collect$$libinit$$00000004)
    __rt_lib_init_rand_1                     0x0800014f   Thumb Code     0  libinit2.o(.ARM.Collect$$libinit$$0000000E)
    __rt_lib_init_user_alloc_1               0x0800014f   Thumb Code     0  libinit2.o(.ARM.Collect$$libinit$$0000000C)
    __rt_lib_init_lc_collate_1               0x08000155   Thumb Code     0  libinit2.o(.ARM.Collect$$libinit$$00000011)
    __rt_lib_init_lc_ctype_1                 0x08000155   Thumb Code     0  libinit2.o(.ARM.Collect$$libinit$$00000013)
    __rt_lib_init_lc_monetary_1              0x08000155   Thumb Code     0  libinit2.o(.ARM.Collect$$libinit$$00000015)
    __rt_lib_init_lc_numeric_2               0x08000155   Thumb Code     0  libinit2.o(.ARM.Collect$$libinit$$00000016)
    __rt_lib_init_alloca_1                   0x0800015f   Thumb Code     0  libinit2.o(.ARM.Collect$$libinit$$0000002E)
    __rt_lib_init_argv_1                     0x0800015f   Thumb Code     0  libinit2.o(.ARM.Collect$$libinit$$0000002C)
    __rt_lib_init_atexit_1                   0x0800015f   Thumb Code     0  libinit2.o(.ARM.Collect$$libinit$$0000001B)
    __rt_lib_init_clock_1                    0x0800015f   Thumb Code     0  libinit2.o(.ARM.Collect$$libinit$$00000021)
    __rt_lib_init_cpp_1                      0x0800015f   Thumb Code     0  libinit2.o(.ARM.Collect$$libinit$$00000032)
    __rt_lib_init_exceptions_1               0x0800015f   Thumb Code     0  libinit2.o(.ARM.Collect$$libinit$$00000030)
    __rt_lib_init_fp_trap_1                  0x0800015f   Thumb Code     0  libinit2.o(.ARM.Collect$$libinit$$0000001F)
    __rt_lib_init_getenv_1                   0x0800015f   Thumb Code     0  libinit2.o(.ARM.Collect$$libinit$$00000023)
    __rt_lib_init_lc_numeric_1               0x0800015f   Thumb Code     0  libinit2.o(.ARM.Collect$$libinit$$00000017)
    __rt_lib_init_lc_time_1                  0x0800015f   Thumb Code     0  libinit2.o(.ARM.Collect$$libinit$$00000019)
    __rt_lib_init_return                     0x0800015f   Thumb Code     0  libinit2.o(.ARM.Collect$$libinit$$00000033)
    __rt_lib_init_signal_1                   0x0800015f   Thumb Code     0  libinit2.o(.ARM.Collect$$libinit$$0000001D)
    __rt_lib_init_stdio_1                    0x0800015f   Thumb Code     0  libinit2.o(.ARM.Collect$$libinit$$00000025)
    __rt_lib_shutdown                        0x08000161   Thumb Code     0  libshutdown.o(.ARM.Collect$$libshutdown$$00000000)
    __rt_lib_shutdown_cpp_1                  0x08000163   Thumb Code     0  libshutdown2.o(.ARM.Collect$$libshutdown$$00000004)
    __rt_lib_shutdown_fini_1                 0x08000163   Thumb Code     0  libshutdown2.o(.ARM.Collect$$libshutdown$$00000002)
    __rt_lib_shutdown_fp_trap_1              0x08000163   Thumb Code     0  libshutdown2.o(.ARM.Collect$$libshutdown$$00000009)
    __rt_lib_shutdown_heap_1                 0x08000163   Thumb Code     0  libshutdown2.o(.ARM.Collect$$libshutdown$$00000011)
    __rt_lib_shutdown_return                 0x08000163   Thumb Code     0  libshutdown2.o(.ARM.Collect$$libshutdown$$00000012)
    __rt_lib_shutdown_signal_1               0x08000163   Thumb Code     0  libshutdown2.o(.ARM.Collect$$libshutdown$$0000000C)
    __rt_lib_shutdown_stdio_1                0x08000163   Thumb Code     0  libshutdown2.o(.ARM.Collect$$libshutdown$$00000006)
    __rt_lib_shutdown_user_alloc_1           0x08000163   Thumb Code     0  libshutdown2.o(.ARM.Collect$$libshutdown$$0000000E)
    __rt_entry                               0x08000165   Thumb Code     0  __rtentry.o(.ARM.Collect$$rtentry$$00000000)
    __rt_entry_presh_1                       0x08000165   Thumb Code     0  __rtentry2.o(.ARM.Collect$$rtentry$$00000002)
    __rt_entry_sh                            0x08000165   Thumb Code     0  __rtentry4.o(.ARM.Collect$$rtentry$$00000004)
    __rt_entry_li                            0x0800016b   Thumb Code     0  __rtentry2.o(.ARM.Collect$$rtentry$$0000000A)
    __rt_entry_postsh_1                      0x0800016b   Thumb Code     0  __rtentry2.o(.ARM.Collect$$rtentry$$00000009)
    __rt_entry_main                          0x0800016f   Thumb Code     0  __rtentry2.o(.ARM.Collect$$rtentry$$0000000D)
    __rt_entry_postli_1                      0x0800016f   Thumb Code     0  __rtentry2.o(.ARM.Collect$$rtentry$$0000000C)
    __rt_exit                                0x08000177   Thumb Code     0  rtexit.o(.ARM.Collect$$rtexit$$00000000)
    __rt_exit_ls                             0x08000179   Thumb Code     0  rtexit2.o(.ARM.Collect$$rtexit$$00000003)
    __rt_exit_prels_1                        0x08000179   Thumb Code     0  rtexit2.o(.ARM.Collect$$rtexit$$00000002)
    __rt_exit_exit                           0x0800017d   Thumb Code     0  rtexit2.o(.ARM.Collect$$rtexit$$00000004)
    Reset_Handler                            0x08000185   Thumb Code     8  startup_stm32l053xx.o(.text)
    DMA1_Channel1_IRQHandler                 0x08000197   Thumb Code     0  startup_stm32l053xx.o(.text)
    DMA1_Channel4_5_6_7_IRQHandler           0x08000197   Thumb Code     0  startup_stm32l053xx.o(.text)
    EXTI0_1_IRQHandler                       0x08000197   Thumb Code     0  startup_stm32l053xx.o(.text)
    EXTI2_3_IRQHandler                       0x08000197   Thumb Code     0  startup_stm32l053xx.o(.text)
    EXTI4_15_IRQHandler                      0x08000197   Thumb Code     0  startup_stm32l053xx.o(.text)
    FLASH_IRQHandler                         0x08000197   Thumb Code     0  startup_stm32l053xx.o(.text)
    I2C1_IRQHandler                          0x08000197   Thumb Code     0  startup_stm32l053xx.o(.text)
    I2C2_IRQHandler                          0x08000197   Thumb Code     0  startup_stm32l053xx.o(.text)
    LCD_IRQHandler                           0x08000197   Thumb Code     0  startup_stm32l053xx.o(.text)
    LPTIM1_IRQHandler                        0x08000197   Thumb Code     0  startup_stm32l053xx.o(.text)
    PVD_IRQHandler                           0x08000197   Thumb Code     0  startup_stm32l053xx.o(.text)
    RCC_CRS_IRQHandler                       0x08000197   Thumb Code     0  startup_stm32l053xx.o(.text)
    RNG_LPUART1_IRQHandler                   0x08000197   Thumb Code     0  startup_stm32l053xx.o(.text)
    RTC_IRQHandler                           0x08000197   Thumb Code     0  startup_stm32l053xx.o(.text)
    SPI1_IRQHandler                          0x08000197   Thumb Code     0  startup_stm32l053xx.o(.text)
    SPI2_IRQHandler                          0x08000197   Thumb Code     0  startup_stm32l053xx.o(.text)
    TIM22_IRQHandler                         0x08000197   Thumb Code     0  startup_stm32l053xx.o(.text)
    TSC_IRQHandler                           0x08000197   Thumb Code     0  startup_stm32l053xx.o(.text)
    USART2_IRQHandler                        0x08000197   Thumb Code     0  startup_stm32l053xx.o(.text)
    USB_IRQHandler                           0x08000197   Thumb Code     0  startup_stm32l053xx.o(.text)
    WWDG_IRQHandler                          0x08000197   Thumb Code     0  startup_stm32l053xx.o(.text)
    __user_initial_stackheap                 0x08000199   Thumb Code     0  startup_stm32l053xx.o(.text)
    __aeabi_uldivmod                         0x080001bd   Thumb Code   258  lludiv.o(.text)
    _ll_udiv                                 0x080001bd   Thumb Code     0  lludiv.o(.text)
    __2sprintf                               0x080002c1   Thumb Code    36  noretval__2sprintf.o(.text)
    __printf                                 0x080002e9   Thumb Code   270  __printf_wp.o(.text)
    strlen                                   0x080003f9   Thumb Code    62  strlen.o(.text)
    _memset_w                                0x0800043d   Thumb Code    26  rt_memclr.o(.text)
    _memset                                  0x08000457   Thumb Code    30  rt_memclr.o(.text)
    __aeabi_memclr                           0x08000475   Thumb Code     4  rt_memclr.o(.text)
    __rt_memclr                              0x08000475   Thumb Code     0  rt_memclr.o(.text)
    __aeabi_memclr4                          0x08000479   Thumb Code     0  rt_memclr.o(.text)
    __aeabi_memclr8                          0x08000479   Thumb Code     0  rt_memclr.o(.text)
    __rt_memclr_w                            0x08000479   Thumb Code     4  rt_memclr.o(.text)
    __aeabi_uidiv                            0x0800047d   Thumb Code     0  aeabi_sdiv.o(.text)
    __aeabi_uidivmod                         0x0800047d   Thumb Code    20  aeabi_sdiv.o(.text)
    __aeabi_idiv                             0x08000491   Thumb Code     0  aeabi_sdiv.o(.text)
    __aeabi_idivmod                          0x08000491   Thumb Code   326  aeabi_sdiv.o(.text)
    __use_two_region_memory                  0x080005d7   Thumb Code     2  heapauxi.o(.text)
    __rt_heap_escrow$2region                 0x080005d9   Thumb Code     2  heapauxi.o(.text)
    __rt_heap_expand$2region                 0x080005db   Thumb Code     2  heapauxi.o(.text)
    __aeabi_f2d                              0x080005dd   Thumb Code     0  f2d.o(.text)
    _f2d                                     0x080005dd   Thumb Code    80  f2d.o(.text)
    __aeabi_i2f_normalise                    0x08000631   Thumb Code    72  fflti.o(.text)
    __aeabi_i2f                              0x08000679   Thumb Code    16  fflti.o(.text)
    _fflt                                    0x08000679   Thumb Code     0  fflti.o(.text)
    __aeabi_ui2f                             0x08000689   Thumb Code     6  fflti.o(.text)
    _ffltu                                   0x08000689   Thumb Code     0  fflti.o(.text)
    __ARM_scalbnf                            0x08000691   Thumb Code    64  fscalbn.o(.text)
    __lib_sel_fp_printf                      0x080006d5   Thumb Code     2  _printf_fp_dec.o(.text)
    _printf_fp_dec_real                      0x08000873   Thumb Code   620  _printf_fp_dec.o(.text)
    _printf_char_common                      0x08000af7   Thumb Code    32  _printf_char_common.o(.text)
    _sputc                                   0x08000b1d   Thumb Code    10  _sputc.o(.text)
    __rt_locale                              0x08000b29   Thumb Code     8  rt_locale_intlibspace.o(.text)
    _ll_udiv10                               0x08000b31   Thumb Code   122  lludiv10.o(.text)
    _printf_fp_infnan                        0x08000bad   Thumb Code   120  _printf_fp_infnan.o(.text)
    _btod_etento                             0x08000c35   Thumb Code   210  bigflt0.o(.text)
    _btod_d2e                                0x08000d0d   Thumb Code    64  btod.o(.text)
    _btod_emul                               0x08001141   Thumb Code    28  btod.o(.text)
    _btod_emuld                              0x0800115d   Thumb Code   144  btod.o(.text)
    _btod_ediv                               0x080011ed   Thumb Code    26  btod.o(.text)
    _btod_edivd                              0x08001207   Thumb Code   124  btod.o(.text)
    __rt_udiv10                              0x0800128d   Thumb Code    40  rtudiv10.o(.text)
    __user_libspace                          0x080012b5   Thumb Code     8  libspace.o(.text)
    __user_perproc_libspace                  0x080012b5   Thumb Code     0  libspace.o(.text)
    __user_perthread_libspace                0x080012b5   Thumb Code     0  libspace.o(.text)
    __user_setup_stackheap                   0x080012bd   Thumb Code    62  sys_stackheap_outer.o(.text)
    exit                                     0x080012fb   Thumb Code    16  exit.o(.text)
    strcmp                                   0x0800130d   Thumb Code   132  strcmp.o(.text)
    _sys_exit                                0x08001395   Thumb Code     8  sys_exit.o(.text)
    __I$use$semihosting                      0x080013a1   Thumb Code     0  use_no_semi.o(.text)
    __use_no_semihosting_swi                 0x080013a1   Thumb Code     2  use_no_semi.o(.text)
    __semihosting_library_function           0x080013a3   Thumb Code     0  indicate_semi.o(.text)
    ADC1_COMP_IRQHandler                     0x080013a5   Thumb Code    10  stm32l0xx_it.o(i.ADC1_COMP_IRQHandler)
    DMA1_Channel2_3_IRQHandler               0x0800150d   Thumb Code    16  stm32l0xx_it.o(i.DMA1_Channel2_3_IRQHandler)
    Error_Handler                            0x08001525   Thumb Code     4  main.o(i.Error_Handler)
    HAL_ADCEx_Calibration_Start              0x08001529   Thumb Code   178  stm32l0xx_hal_adc_ex.o(i.HAL_ADCEx_Calibration_Start)
    HAL_ADC_ConfigChannel                    0x080015dd   Thumb Code   174  stm32l0xx_hal_adc.o(i.HAL_ADC_ConfigChannel)
    HAL_ADC_ConvCpltCallback                 0x08001695   Thumb Code     2  main.o(i.HAL_ADC_ConvCpltCallback)
    HAL_ADC_ErrorCallback                    0x08001697   Thumb Code     2  stm32l0xx_hal_adc.o(i.HAL_ADC_ErrorCallback)
    HAL_ADC_GetValue                         0x08001699   Thumb Code     6  stm32l0xx_hal_adc.o(i.HAL_ADC_GetValue)
    HAL_ADC_IRQHandler                       0x0800169f   Thumb Code   216  stm32l0xx_hal_adc.o(i.HAL_ADC_IRQHandler)
    HAL_ADC_Init                             0x08001779   Thumb Code   446  stm32l0xx_hal_adc.o(i.HAL_ADC_Init)
    HAL_ADC_LevelOutOfWindowCallback         0x08001941   Thumb Code     2  stm32l0xx_hal_adc.o(i.HAL_ADC_LevelOutOfWindowCallback)
    HAL_ADC_MspInit                          0x08001945   Thumb Code    86  stm32l0xx_hal_msp.o(i.HAL_ADC_MspInit)
    HAL_ADC_PollForConversion                0x080019a9   Thumb Code   200  stm32l0xx_hal_adc.o(i.HAL_ADC_PollForConversion)
    HAL_ADC_Start                            0x08001a71   Thumb Code    86  stm32l0xx_hal_adc.o(i.HAL_ADC_Start)
    HAL_ADC_Stop                             0x08001acd   Thumb Code    62  stm32l0xx_hal_adc.o(i.HAL_ADC_Stop)
    HAL_DMA_Abort                            0x08001b0b   Thumb Code    68  stm32l0xx_hal_dma.o(i.HAL_DMA_Abort)
    HAL_DMA_Abort_IT                         0x08001b4f   Thumb Code    76  stm32l0xx_hal_dma.o(i.HAL_DMA_Abort_IT)
    HAL_DMA_IRQHandler                       0x08001b9b   Thumb Code   168  stm32l0xx_hal_dma.o(i.HAL_DMA_IRQHandler)
    HAL_DMA_Init                             0x08001c45   Thumb Code   132  stm32l0xx_hal_dma.o(i.HAL_DMA_Init)
    HAL_Delay                                0x08001cd5   Thumb Code    32  stm32l0xx_hal.o(i.HAL_Delay)
    HAL_GPIO_Init                            0x08001cf9   Thumb Code   402  stm32l0xx_hal_gpio.o(i.HAL_GPIO_Init)
    HAL_GPIO_TogglePin                       0x08001ea9   Thumb Code    16  stm32l0xx_hal_gpio.o(i.HAL_GPIO_TogglePin)
    HAL_GPIO_WritePin                        0x08001eb9   Thumb Code    12  stm32l0xx_hal_gpio.o(i.HAL_GPIO_WritePin)
    HAL_GetTick                              0x08001ec5   Thumb Code     6  stm32l0xx_hal.o(i.HAL_GetTick)
    HAL_IncTick                              0x08001ed1   Thumb Code    12  stm32l0xx_hal.o(i.HAL_IncTick)
    HAL_Init                                 0x08001ee1   Thumb Code    36  stm32l0xx_hal.o(i.HAL_Init)
    HAL_InitTick                             0x08001f09   Thumb Code    58  stm32l0xx_hal.o(i.HAL_InitTick)
    HAL_MspInit                              0x08001f4d   Thumb Code    20  stm32l0xx_hal_msp.o(i.HAL_MspInit)
    HAL_NVIC_EnableIRQ                       0x08001f65   Thumb Code    18  stm32l0xx_hal_cortex.o(i.HAL_NVIC_EnableIRQ)
    HAL_NVIC_SetPriority                     0x08001f7d   Thumb Code     8  stm32l0xx_hal_cortex.o(i.HAL_NVIC_SetPriority)
    HAL_RCCEx_PeriphCLKConfig                0x08001f85   Thumb Code   396  stm32l0xx_hal_rcc_ex.o(i.HAL_RCCEx_PeriphCLKConfig)
    HAL_RCC_ClockConfig                      0x0800211d   Thumb Code   386  stm32l0xx_hal_rcc.o(i.HAL_RCC_ClockConfig)
    HAL_RCC_GetPCLK1Freq                     0x080022b9   Thumb Code    20  stm32l0xx_hal_rcc.o(i.HAL_RCC_GetPCLK1Freq)
    HAL_RCC_GetPCLK2Freq                     0x080022d9   Thumb Code    20  stm32l0xx_hal_rcc.o(i.HAL_RCC_GetPCLK2Freq)
    HAL_RCC_GetSysClockFreq                  0x080022f9   Thumb Code   108  stm32l0xx_hal_rcc.o(i.HAL_RCC_GetSysClockFreq)
    HAL_RCC_OscConfig                        0x08002371   Thumb Code  1166  stm32l0xx_hal_rcc.o(i.HAL_RCC_OscConfig)
    HAL_SYSTICK_Config                       0x08002801   Thumb Code    38  stm32l0xx_hal_cortex.o(i.HAL_SYSTICK_Config)
    HAL_TIMEx_MasterConfigSynchronization    0x08002831   Thumb Code    78  stm32l0xx_hal_tim_ex.o(i.HAL_TIMEx_MasterConfigSynchronization)
    HAL_TIM_Base_Init                        0x08002889   Thumb Code    62  stm32l0xx_hal_tim.o(i.HAL_TIM_Base_Init)
    HAL_TIM_Base_MspInit                     0x080028c9   Thumb Code    96  stm32l0xx_hal_msp.o(i.HAL_TIM_Base_MspInit)
    HAL_TIM_Base_Start_IT                    0x08002935   Thumb Code    68  stm32l0xx_hal_tim.o(i.HAL_TIM_Base_Start_IT)
    HAL_TIM_ConfigClockSource                0x08002981   Thumb Code   220  stm32l0xx_hal_tim.o(i.HAL_TIM_ConfigClockSource)
    HAL_TIM_IC_CaptureCallback               0x08002a5d   Thumb Code     2  stm32l0xx_hal_tim.o(i.HAL_TIM_IC_CaptureCallback)
    HAL_TIM_IRQHandler                       0x08002a5f   Thumb Code   294  stm32l0xx_hal_tim.o(i.HAL_TIM_IRQHandler)
    HAL_TIM_MspPostInit                      0x08002b85   Thumb Code    70  stm32l0xx_hal_msp.o(i.HAL_TIM_MspPostInit)
    HAL_TIM_OC_DelayElapsedCallback          0x08002bd1   Thumb Code     2  stm32l0xx_hal_tim.o(i.HAL_TIM_OC_DelayElapsedCallback)
    HAL_TIM_PWM_ConfigChannel                0x08002bd3   Thumb Code   208  stm32l0xx_hal_tim.o(i.HAL_TIM_PWM_ConfigChannel)
    HAL_TIM_PWM_Init                         0x08002ca3   Thumb Code    62  stm32l0xx_hal_tim.o(i.HAL_TIM_PWM_Init)
    HAL_TIM_PWM_MspInit                      0x08002ce1   Thumb Code     2  stm32l0xx_hal_tim.o(i.HAL_TIM_PWM_MspInit)
    HAL_TIM_PWM_PulseFinishedCallback        0x08002ce3   Thumb Code     2  stm32l0xx_hal_tim.o(i.HAL_TIM_PWM_PulseFinishedCallback)
    HAL_TIM_PeriodElapsedCallback            0x08002ce5   Thumb Code     2  stm32l0xx_hal_tim.o(i.HAL_TIM_PeriodElapsedCallback)
    HAL_TIM_TriggerCallback                  0x08002ce7   Thumb Code     2  stm32l0xx_hal_tim.o(i.HAL_TIM_TriggerCallback)
    HAL_UARTEx_RxEventCallback               0x08002ce9   Thumb Code     2  stm32l0xx_hal_uart.o(i.HAL_UARTEx_RxEventCallback)
    HAL_UARTEx_WakeupCallback                0x08002ceb   Thumb Code     2  stm32l0xx_hal_uart_ex.o(i.HAL_UARTEx_WakeupCallback)
    HAL_UART_ErrorCallback                   0x08002ced   Thumb Code     2  stm32l0xx_hal_uart.o(i.HAL_UART_ErrorCallback)
    HAL_UART_IRQHandler                      0x08002cf1   Thumb Code   664  stm32l0xx_hal_uart.o(i.HAL_UART_IRQHandler)
    HAL_UART_Init                            0x08002f95   Thumb Code   106  stm32l0xx_hal_uart.o(i.HAL_UART_Init)
    HAL_UART_MspInit                         0x08003001   Thumb Code   186  stm32l0xx_hal_msp.o(i.HAL_UART_MspInit)
    HAL_UART_Transmit                        0x080030d1   Thumb Code   210  stm32l0xx_hal_uart.o(i.HAL_UART_Transmit)
    HAL_UART_TxCpltCallback                  0x080031a3   Thumb Code     2  stm32l0xx_hal_uart.o(i.HAL_UART_TxCpltCallback)
    HardFault_Handler                        0x080031a5   Thumb Code     2  stm32l0xx_it.o(i.HardFault_Handler)
    NMI_Handler                              0x08003449   Thumb Code     2  stm32l0xx_it.o(i.NMI_Handler)
    PendSV_Handler                           0x0800344b   Thumb Code     2  stm32l0xx_it.o(i.PendSV_Handler)
    SVC_Handler                              0x0800344d   Thumb Code     2  stm32l0xx_it.o(i.SVC_Handler)
    SysTick_Handler                          0x0800344f   Thumb Code     8  stm32l0xx_it.o(i.SysTick_Handler)
    SystemClock_Config                       0x08003459   Thumb Code   136  main.o(i.SystemClock_Config)
    SystemInit                               0x080034e5   Thumb Code     2  system_stm32l0xx.o(i.SystemInit)
    TIM21_IRQHandler                         0x080034e9   Thumb Code    20  stm32l0xx_it.o(i.TIM21_IRQHandler)
    TIM2_IRQHandler                          0x08003501   Thumb Code    10  stm32l0xx_it.o(i.TIM2_IRQHandler)
    TIM6_DAC_IRQHandler                      0x08003511   Thumb Code    10  stm32l0xx_it.o(i.TIM6_DAC_IRQHandler)
    UART_AdvFeatureConfig                    0x080036b5   Thumb Code   202  stm32l0xx_hal_uart.o(i.UART_AdvFeatureConfig)
    UART_CheckIdleState                      0x08003781   Thumb Code    94  stm32l0xx_hal_uart.o(i.UART_CheckIdleState)
    UART_SetConfig                           0x08003859   Thumb Code   480  stm32l0xx_hal_uart.o(i.UART_SetConfig)
    UART_WaitOnFlagUntilTimeout              0x08003a59   Thumb Code   212  stm32l0xx_hal_uart.o(i.UART_WaitOnFlagUntilTimeout)
    USART1_IRQHandler                        0x08003b2d   Thumb Code    10  stm32l0xx_it.o(i.USART1_IRQHandler)
    __ARM_common_ll_muluu                    0x08003b3d   Thumb Code    48  stm32l0xx_hal_rcc.o(i.__ARM_common_ll_muluu)
    __ARM_common_switch8                     0x08003b6d   Thumb Code    26  stm32l0xx_hal_dma.o(i.__ARM_common_switch8)
    __ARM_fpclassify                         0x08003b89   Thumb Code    40  fpclassify.o(i.__ARM_fpclassify)
    _is_digit                                0x08003bf9   Thumb Code    14  __printf_wp.o(i._is_digit)
    main                                     0x08003c09   Thumb Code   288  main.o(i.main)
    _get_lc_numeric                          0x08003d55   Thumb Code    44  lc_numeric_c.o(locale$$code)
    __aeabi_fadd                             0x08003d81   Thumb Code     0  faddsub.o(x$fpl$fadd)
    _fadd                                    0x08003d81   Thumb Code   134  faddsub.o(x$fpl$fadd)
    __aeabi_fmul                             0x08003e0d   Thumb Code     0  fmul.o(x$fpl$fmul)
    _fmul                                    0x08003e0d   Thumb Code   172  fmul.o(x$fpl$fmul)
    __aeabi_fsub                             0x08003ebd   Thumb Code     0  faddsub.o(x$fpl$fsub)
    _fsub                                    0x08003ebd   Thumb Code   204  faddsub.o(x$fpl$fsub)
    _printf_fp_dec                           0x08003f8d   Thumb Code    16  printf1.o(x$fpl$printf1)
    AHBPrescTable                            0x08003f9c   Data          16  system_stm32l0xx.o(.constdata)
    __I$use$fp                               0x08003f9c   Number         0  usenofp.o(x$fpl$usenofp)
    PLLMulTable                              0x08003fac   Data           9  system_stm32l0xx.o(.constdata)
    APBPrescTable                            0x08003fb5   Data           8  system_stm32l0xx.o(.constdata)
    Region$$Table$$Base                      0x08004054   Number         0  anon$$obj.o(Region$$Table)
    Region$$Table$$Limit                     0x08004074   Number         0  anon$$obj.o(Region$$Table)
    uwTickFreq                               0x20000000   Data           1  stm32l0xx_hal.o(.data)
    uwTickPrio                               0x20000004   Data           4  stm32l0xx_hal.o(.data)
    uwTick                                   0x20000008   Data           4  stm32l0xx_hal.o(.data)
    SystemCoreClock                          0x2000000c   Data           4  system_stm32l0xx.o(.data)
    hadc                                     0x20000010   Data          92  main.o(.bss)
    htim2                                    0x2000006c   Data          64  main.o(.bss)
    htim6                                    0x200000ac   Data          64  main.o(.bss)
    htim21                                   0x200000ec   Data          64  main.o(.bss)
    huart1                                   0x2000012c   Data         132  main.o(.bss)
    hdma_usart1_rx                           0x200001b0   Data          72  main.o(.bss)
    hdma_usart1_tx                           0x200001f8   Data          72  main.o(.bss)
    __libspace_start                         0x20000240   Data          96  libspace.o(.bss)
    __temporary_stack_top$libspace           0x200002a0   Data           0  libspace.o(.bss)



==============================================================================

Memory Map of the image

  Image Entry point : 0x080000c1

  Load Region LR_IROM1 (Base: 0x08000000, Size: 0x000040a0, Max: 0x00010000, ABSOLUTE)

    Execution Region ER_IROM1 (Exec base: 0x08000000, Load base: 0x08000000, Size: 0x00004090, Max: 0x00010000, ABSOLUTE)

    Exec Addr    Load Addr    Size         Type   Attr      Idx    E Section Name        Object

    0x08000000   0x08000000   0x000000c0   Data   RO            3    RESET               startup_stm32l053xx.o
    0x080000c0   0x080000c0   0x00000008   Code   RO         3555  * !!!main             c_p.l(__main.o)
    0x080000c8   0x080000c8   0x0000003c   Code   RO         3781    !!!scatter          c_p.l(__scatter.o)
    0x08000104   0x08000104   0x0000001a   Code   RO         3783    !!handler_copy      c_p.l(__scatter_copy.o)
    0x0800011e   0x0800011e   0x00000002   PAD
    0x08000120   0x08000120   0x0000001c   Code   RO         3785    !!handler_zi        c_p.l(__scatter_zi.o)
    0x0800013c   0x0800013c   0x00000002   Code   RO         3544    .ARM.Collect$$_printf_percent$$00000000  c_p.l(_printf_percent.o)
    0x0800013e   0x0800013e   0x0000000a   Code   RO         3543    .ARM.Collect$$_printf_percent$$00000003  c_p.l(_printf_f.o)
    0x08000148   0x08000148   0x00000004   Code   RO         3588    .ARM.Collect$$_printf_percent$$00000017  c_p.l(_printf_percent_end.o)
    0x0800014c   0x0800014c   0x00000002   Code   RO         3651    .ARM.Collect$$libinit$$00000000  c_p.l(libinit.o)
    0x0800014e   0x0800014e   0x00000000   Code   RO         3653    .ARM.Collect$$libinit$$00000002  c_p.l(libinit2.o)
    0x0800014e   0x0800014e   0x00000000   Code   RO         3655    .ARM.Collect$$libinit$$00000004  c_p.l(libinit2.o)
    0x0800014e   0x0800014e   0x00000000   Code   RO         3658    .ARM.Collect$$libinit$$0000000A  c_p.l(libinit2.o)
    0x0800014e   0x0800014e   0x00000000   Code   RO         3660    .ARM.Collect$$libinit$$0000000C  c_p.l(libinit2.o)
    0x0800014e   0x0800014e   0x00000000   Code   RO         3662    .ARM.Collect$$libinit$$0000000E  c_p.l(libinit2.o)
    0x0800014e   0x0800014e   0x00000006   Code   RO         3663    .ARM.Collect$$libinit$$0000000F  c_p.l(libinit2.o)
    0x08000154   0x08000154   0x00000000   Code   RO         3665    .ARM.Collect$$libinit$$00000011  c_p.l(libinit2.o)
    0x08000154   0x08000154   0x00000000   Code   RO         3667    .ARM.Collect$$libinit$$00000013  c_p.l(libinit2.o)
    0x08000154   0x08000154   0x00000000   Code   RO         3669    .ARM.Collect$$libinit$$00000015  c_p.l(libinit2.o)
    0x08000154   0x08000154   0x0000000a   Code   RO         3670    .ARM.Collect$$libinit$$00000016  c_p.l(libinit2.o)
    0x0800015e   0x0800015e   0x00000000   Code   RO         3671    .ARM.Collect$$libinit$$00000017  c_p.l(libinit2.o)
    0x0800015e   0x0800015e   0x00000000   Code   RO         3673    .ARM.Collect$$libinit$$00000019  c_p.l(libinit2.o)
    0x0800015e   0x0800015e   0x00000000   Code   RO         3675    .ARM.Collect$$libinit$$0000001B  c_p.l(libinit2.o)
    0x0800015e   0x0800015e   0x00000000   Code   RO         3677    .ARM.Collect$$libinit$$0000001D  c_p.l(libinit2.o)
    0x0800015e   0x0800015e   0x00000000   Code   RO         3679    .ARM.Collect$$libinit$$0000001F  c_p.l(libinit2.o)
    0x0800015e   0x0800015e   0x00000000   Code   RO         3681    .ARM.Collect$$libinit$$00000021  c_p.l(libinit2.o)
    0x0800015e   0x0800015e   0x00000000   Code   RO         3683    .ARM.Collect$$libinit$$00000023  c_p.l(libinit2.o)
    0x0800015e   0x0800015e   0x00000000   Code   RO         3685    .ARM.Collect$$libinit$$00000025  c_p.l(libinit2.o)
    0x0800015e   0x0800015e   0x00000000   Code   RO         3689    .ARM.Collect$$libinit$$0000002C  c_p.l(libinit2.o)
    0x0800015e   0x0800015e   0x00000000   Code   RO         3691    .ARM.Collect$$libinit$$0000002E  c_p.l(libinit2.o)
    0x0800015e   0x0800015e   0x00000000   Code   RO         3693    .ARM.Collect$$libinit$$00000030  c_p.l(libinit2.o)
    0x0800015e   0x0800015e   0x00000000   Code   RO         3695    .ARM.Collect$$libinit$$00000032  c_p.l(libinit2.o)
    0x0800015e   0x0800015e   0x00000002   Code   RO         3696    .ARM.Collect$$libinit$$00000033  c_p.l(libinit2.o)
    0x08000160   0x08000160   0x00000002   Code   RO         3744    .ARM.Collect$$libshutdown$$00000000  c_p.l(libshutdown.o)
    0x08000162   0x08000162   0x00000000   Code   RO         3762    .ARM.Collect$$libshutdown$$00000002  c_p.l(libshutdown2.o)
    0x08000162   0x08000162   0x00000000   Code   RO         3764    .ARM.Collect$$libshutdown$$00000004  c_p.l(libshutdown2.o)
    0x08000162   0x08000162   0x00000000   Code   RO         3766    .ARM.Collect$$libshutdown$$00000006  c_p.l(libshutdown2.o)
    0x08000162   0x08000162   0x00000000   Code   RO         3769    .ARM.Collect$$libshutdown$$00000009  c_p.l(libshutdown2.o)
    0x08000162   0x08000162   0x00000000   Code   RO         3772    .ARM.Collect$$libshutdown$$0000000C  c_p.l(libshutdown2.o)
    0x08000162   0x08000162   0x00000000   Code   RO         3774    .ARM.Collect$$libshutdown$$0000000E  c_p.l(libshutdown2.o)
    0x08000162   0x08000162   0x00000000   Code   RO         3777    .ARM.Collect$$libshutdown$$00000011  c_p.l(libshutdown2.o)
    0x08000162   0x08000162   0x00000002   Code   RO         3778    .ARM.Collect$$libshutdown$$00000012  c_p.l(libshutdown2.o)
    0x08000164   0x08000164   0x00000000   Code   RO         3573    .ARM.Collect$$rtentry$$00000000  c_p.l(__rtentry.o)
    0x08000164   0x08000164   0x00000000   Code   RO         3591    .ARM.Collect$$rtentry$$00000002  c_p.l(__rtentry2.o)
    0x08000164   0x08000164   0x00000006   Code   RO         3603    .ARM.Collect$$rtentry$$00000004  c_p.l(__rtentry4.o)
    0x0800016a   0x0800016a   0x00000000   Code   RO         3593    .ARM.Collect$$rtentry$$00000009  c_p.l(__rtentry2.o)
    0x0800016a   0x0800016a   0x00000004   Code   RO         3594    .ARM.Collect$$rtentry$$0000000A  c_p.l(__rtentry2.o)
    0x0800016e   0x0800016e   0x00000000   Code   RO         3596    .ARM.Collect$$rtentry$$0000000C  c_p.l(__rtentry2.o)
    0x0800016e   0x0800016e   0x00000008   Code   RO         3597    .ARM.Collect$$rtentry$$0000000D  c_p.l(__rtentry2.o)
    0x08000176   0x08000176   0x00000002   Code   RO         3698    .ARM.Collect$$rtexit$$00000000  c_p.l(rtexit.o)
    0x08000178   0x08000178   0x00000000   Code   RO         3713    .ARM.Collect$$rtexit$$00000002  c_p.l(rtexit2.o)
    0x08000178   0x08000178   0x00000004   Code   RO         3714    .ARM.Collect$$rtexit$$00000003  c_p.l(rtexit2.o)
    0x0800017c   0x0800017c   0x00000006   Code   RO         3715    .ARM.Collect$$rtexit$$00000004  c_p.l(rtexit2.o)
    0x08000182   0x08000182   0x00000002   PAD
    0x08000184   0x08000184   0x00000038   Code   RO            4    .text               startup_stm32l053xx.o
    0x080001bc   0x080001bc   0x00000102   Code   RO         3515    .text               c_p.l(lludiv.o)
    0x080002be   0x080002be   0x00000002   PAD
    0x080002c0   0x080002c0   0x00000028   Code   RO         3519    .text               c_p.l(noretval__2sprintf.o)
    0x080002e8   0x080002e8   0x0000010e   Code   RO         3531    .text               c_p.l(__printf_wp.o)
    0x080003f6   0x080003f6   0x00000002   PAD
    0x080003f8   0x080003f8   0x00000044   Code   RO         3545    .text               c_p.l(strlen.o)
    0x0800043c   0x0800043c   0x00000040   Code   RO         3547    .text               c_p.l(rt_memclr.o)
    0x0800047c   0x0800047c   0x0000015a   Code   RO         3549    .text               c_p.l(aeabi_sdiv.o)
    0x080005d6   0x080005d6   0x00000006   Code   RO         3553    .text               c_p.l(heapauxi.o)
    0x080005dc   0x080005dc   0x00000054   Code   RO         3557    .text               fz_ps.l(f2d.o)
    0x08000630   0x08000630   0x0000005e   Code   RO         3565    .text               fz_ps.l(fflti.o)
    0x0800068e   0x0800068e   0x00000002   PAD
    0x08000690   0x08000690   0x00000044   Code   RO         3569    .text               fz_ps.l(fscalbn.o)
    0x080006d4   0x080006d4   0x00000418   Code   RO         3582    .text               c_p.l(_printf_fp_dec.o)
    0x08000aec   0x08000aec   0x00000030   Code   RO         3584    .text               c_p.l(_printf_char_common.o)
    0x08000b1c   0x08000b1c   0x0000000a   Code   RO         3586    .text               c_p.l(_sputc.o)
    0x08000b26   0x08000b26   0x00000002   PAD
    0x08000b28   0x08000b28   0x00000008   Code   RO         3610    .text               c_p.l(rt_locale_intlibspace.o)
    0x08000b30   0x08000b30   0x0000007a   Code   RO         3612    .text               c_p.l(lludiv10.o)
    0x08000baa   0x08000baa   0x00000002   PAD
    0x08000bac   0x08000bac   0x00000088   Code   RO         3614    .text               c_p.l(_printf_fp_infnan.o)
    0x08000c34   0x08000c34   0x000000d8   Code   RO         3618    .text               c_p.l(bigflt0.o)
    0x08000d0c   0x08000d0c   0x00000580   Code   RO         3621    .text               c_p.l(btod.o)
    0x0800128c   0x0800128c   0x00000028   Code   RO         3626    .text               c_p.l(rtudiv10.o)
    0x080012b4   0x080012b4   0x00000008   Code   RO         3632    .text               c_p.l(libspace.o)
    0x080012bc   0x080012bc   0x0000003e   Code   RO         3635    .text               c_p.l(sys_stackheap_outer.o)
    0x080012fa   0x080012fa   0x00000010   Code   RO         3638    .text               c_p.l(exit.o)
    0x0800130a   0x0800130a   0x00000002   PAD
    0x0800130c   0x0800130c   0x00000088   Code   RO         3644    .text               c_p.l(strcmp.o)
    0x08001394   0x08001394   0x0000000c   Code   RO         3710    .text               c_p.l(sys_exit.o)
    0x080013a0   0x080013a0   0x00000002   Code   RO         3731    .text               c_p.l(use_no_semi.o)
    0x080013a2   0x080013a2   0x00000000   Code   RO         3733    .text               c_p.l(indicate_semi.o)
    0x080013a2   0x080013a2   0x00000002   PAD
    0x080013a4   0x080013a4   0x00000010   Code   RO          208    i.ADC1_COMP_IRQHandler  stm32l0xx_it.o
    0x080013b4   0x080013b4   0x0000005a   Code   RO          355    i.ADC_ConversionStop  stm32l0xx_hal_adc.o
    0x0800140e   0x0800140e   0x00000002   PAD
    0x08001410   0x08001410   0x00000024   Code   RO          359    i.ADC_DelayMicroSecond  stm32l0xx_hal_adc.o
    0x08001434   0x08001434   0x00000068   Code   RO          360    i.ADC_Disable       stm32l0xx_hal_adc.o
    0x0800149c   0x0800149c   0x00000070   Code   RO          361    i.ADC_Enable        stm32l0xx_hal_adc.o
    0x0800150c   0x0800150c   0x00000018   Code   RO          209    i.DMA1_Channel2_3_IRQHandler  stm32l0xx_it.o
    0x08001524   0x08001524   0x00000004   Code   RO           12    i.Error_Handler     main.o
    0x08001528   0x08001528   0x000000b2   Code   RO          538    i.HAL_ADCEx_Calibration_Start  stm32l0xx_hal_adc_ex.o
    0x080015da   0x080015da   0x00000002   PAD
    0x080015dc   0x080015dc   0x000000b8   Code   RO          363    i.HAL_ADC_ConfigChannel  stm32l0xx_hal_adc.o
    0x08001694   0x08001694   0x00000002   Code   RO           13    i.HAL_ADC_ConvCpltCallback  main.o
    0x08001696   0x08001696   0x00000002   Code   RO          367    i.HAL_ADC_ErrorCallback  stm32l0xx_hal_adc.o
    0x08001698   0x08001698   0x00000006   Code   RO          370    i.HAL_ADC_GetValue  stm32l0xx_hal_adc.o
    0x0800169e   0x0800169e   0x000000d8   Code   RO          371    i.HAL_ADC_IRQHandler  stm32l0xx_hal_adc.o
    0x08001776   0x08001776   0x00000002   PAD
    0x08001778   0x08001778   0x000001c8   Code   RO          372    i.HAL_ADC_Init      stm32l0xx_hal_adc.o
    0x08001940   0x08001940   0x00000002   Code   RO          373    i.HAL_ADC_LevelOutOfWindowCallback  stm32l0xx_hal_adc.o
    0x08001942   0x08001942   0x00000002   PAD
    0x08001944   0x08001944   0x00000064   Code   RO          293    i.HAL_ADC_MspInit   stm32l0xx_hal_msp.o
    0x080019a8   0x080019a8   0x000000c8   Code   RO          376    i.HAL_ADC_PollForConversion  stm32l0xx_hal_adc.o
    0x08001a70   0x08001a70   0x0000005c   Code   RO          378    i.HAL_ADC_Start     stm32l0xx_hal_adc.o
    0x08001acc   0x08001acc   0x0000003e   Code   RO          381    i.HAL_ADC_Stop      stm32l0xx_hal_adc.o
    0x08001b0a   0x08001b0a   0x00000044   Code   RO         1846    i.HAL_DMA_Abort     stm32l0xx_hal_dma.o
    0x08001b4e   0x08001b4e   0x0000004c   Code   RO         1847    i.HAL_DMA_Abort_IT  stm32l0xx_hal_dma.o
    0x08001b9a   0x08001b9a   0x000000a8   Code   RO         1851    i.HAL_DMA_IRQHandler  stm32l0xx_hal_dma.o
    0x08001c42   0x08001c42   0x00000002   PAD
    0x08001c44   0x08001c44   0x00000090   Code   RO         1852    i.HAL_DMA_Init      stm32l0xx_hal_dma.o
    0x08001cd4   0x08001cd4   0x00000024   Code   RO          601    i.HAL_Delay         stm32l0xx_hal.o
    0x08001cf8   0x08001cf8   0x000001b0   Code   RO         1786    i.HAL_GPIO_Init     stm32l0xx_hal_gpio.o
    0x08001ea8   0x08001ea8   0x00000010   Code   RO         1789    i.HAL_GPIO_TogglePin  stm32l0xx_hal_gpio.o
    0x08001eb8   0x08001eb8   0x0000000c   Code   RO         1790    i.HAL_GPIO_WritePin  stm32l0xx_hal_gpio.o
    0x08001ec4   0x08001ec4   0x0000000c   Code   RO          605    i.HAL_GetTick       stm32l0xx_hal.o
    0x08001ed0   0x08001ed0   0x00000010   Code   RO          611    i.HAL_IncTick       stm32l0xx_hal.o
    0x08001ee0   0x08001ee0   0x00000028   Code   RO          612    i.HAL_Init          stm32l0xx_hal.o
    0x08001f08   0x08001f08   0x00000044   Code   RO          613    i.HAL_InitTick      stm32l0xx_hal.o
    0x08001f4c   0x08001f4c   0x00000018   Code   RO          294    i.HAL_MspInit       stm32l0xx_hal_msp.o
    0x08001f64   0x08001f64   0x00000018   Code   RO         2115    i.HAL_NVIC_EnableIRQ  stm32l0xx_hal_cortex.o
    0x08001f7c   0x08001f7c   0x00000008   Code   RO         2119    i.HAL_NVIC_SetPriority  stm32l0xx_hal_cortex.o
    0x08001f84   0x08001f84   0x00000198   Code   RO         1418    i.HAL_RCCEx_PeriphCLKConfig  stm32l0xx_hal_rcc_ex.o
    0x0800211c   0x0800211c   0x0000019c   Code   RO         1307    i.HAL_RCC_ClockConfig  stm32l0xx_hal_rcc.o
    0x080022b8   0x080022b8   0x00000020   Code   RO         1313    i.HAL_RCC_GetPCLK1Freq  stm32l0xx_hal_rcc.o
    0x080022d8   0x080022d8   0x00000020   Code   RO         1314    i.HAL_RCC_GetPCLK2Freq  stm32l0xx_hal_rcc.o
    0x080022f8   0x080022f8   0x00000078   Code   RO         1315    i.HAL_RCC_GetSysClockFreq  stm32l0xx_hal_rcc.o
    0x08002370   0x08002370   0x0000048e   Code   RO         1318    i.HAL_RCC_OscConfig  stm32l0xx_hal_rcc.o
    0x080027fe   0x080027fe   0x00000002   PAD
    0x08002800   0x08002800   0x00000030   Code   RO         2123    i.HAL_SYSTICK_Config  stm32l0xx_hal_cortex.o
    0x08002830   0x08002830   0x00000058   Code   RO         2987    i.HAL_TIMEx_MasterConfigSynchronization  stm32l0xx_hal_tim_ex.o
    0x08002888   0x08002888   0x0000003e   Code   RO         2292    i.HAL_TIM_Base_Init  stm32l0xx_hal_tim.o
    0x080028c6   0x080028c6   0x00000002   PAD
    0x080028c8   0x080028c8   0x0000006c   Code   RO          296    i.HAL_TIM_Base_MspInit  stm32l0xx_hal_msp.o
    0x08002934   0x08002934   0x0000004c   Code   RO         2297    i.HAL_TIM_Base_Start_IT  stm32l0xx_hal_tim.o
    0x08002980   0x08002980   0x000000dc   Code   RO         2301    i.HAL_TIM_ConfigClockSource  stm32l0xx_hal_tim.o
    0x08002a5c   0x08002a5c   0x00000002   Code   RO         2326    i.HAL_TIM_IC_CaptureCallback  stm32l0xx_hal_tim.o
    0x08002a5e   0x08002a5e   0x00000126   Code   RO         2340    i.HAL_TIM_IRQHandler  stm32l0xx_hal_tim.o
    0x08002b84   0x08002b84   0x0000004c   Code   RO          297    i.HAL_TIM_MspPostInit  stm32l0xx_hal_msp.o
    0x08002bd0   0x08002bd0   0x00000002   Code   RO         2343    i.HAL_TIM_OC_DelayElapsedCallback  stm32l0xx_hal_tim.o
    0x08002bd2   0x08002bd2   0x000000d0   Code   RO         2364    i.HAL_TIM_PWM_ConfigChannel  stm32l0xx_hal_tim.o
    0x08002ca2   0x08002ca2   0x0000003e   Code   RO         2367    i.HAL_TIM_PWM_Init  stm32l0xx_hal_tim.o
    0x08002ce0   0x08002ce0   0x00000002   Code   RO         2369    i.HAL_TIM_PWM_MspInit  stm32l0xx_hal_tim.o
    0x08002ce2   0x08002ce2   0x00000002   Code   RO         2370    i.HAL_TIM_PWM_PulseFinishedCallback  stm32l0xx_hal_tim.o
    0x08002ce4   0x08002ce4   0x00000002   Code   RO         2378    i.HAL_TIM_PeriodElapsedCallback  stm32l0xx_hal_tim.o
    0x08002ce6   0x08002ce6   0x00000002   Code   RO         2383    i.HAL_TIM_TriggerCallback  stm32l0xx_hal_tim.o
    0x08002ce8   0x08002ce8   0x00000002   Code   RO         3022    i.HAL_UARTEx_RxEventCallback  stm32l0xx_hal_uart.o
    0x08002cea   0x08002cea   0x00000002   Code   RO         3411    i.HAL_UARTEx_WakeupCallback  stm32l0xx_hal_uart_ex.o
    0x08002cec   0x08002cec   0x00000002   Code   RO         3038    i.HAL_UART_ErrorCallback  stm32l0xx_hal_uart.o
    0x08002cee   0x08002cee   0x00000002   PAD
    0x08002cf0   0x08002cf0   0x000002a4   Code   RO         3041    i.HAL_UART_IRQHandler  stm32l0xx_hal_uart.o
    0x08002f94   0x08002f94   0x0000006a   Code   RO         3042    i.HAL_UART_Init     stm32l0xx_hal_uart.o
    0x08002ffe   0x08002ffe   0x00000002   PAD
    0x08003000   0x08003000   0x000000d0   Code   RO          299    i.HAL_UART_MspInit  stm32l0xx_hal_msp.o
    0x080030d0   0x080030d0   0x000000d2   Code   RO         3051    i.HAL_UART_Transmit  stm32l0xx_hal_uart.o
    0x080031a2   0x080031a2   0x00000002   Code   RO         3054    i.HAL_UART_TxCpltCallback  stm32l0xx_hal_uart.o
    0x080031a4   0x080031a4   0x00000002   Code   RO          210    i.HardFault_Handler  stm32l0xx_it.o
    0x080031a6   0x080031a6   0x00000002   PAD
    0x080031a8   0x080031a8   0x0000008c   Code   RO           15    i.MX_ADC_Init       main.o
    0x08003234   0x08003234   0x000000c8   Code   RO           16    i.MX_GPIO_Init      main.o
    0x080032fc   0x080032fc   0x00000070   Code   RO           17    i.MX_TIM21_Init     main.o
    0x0800336c   0x0800336c   0x000000a4   Code   RO           18    i.MX_TIM2_Init      main.o
    0x08003410   0x08003410   0x00000038   Code   RO           19    i.MX_USART1_UART_Init  main.o
    0x08003448   0x08003448   0x00000002   Code   RO          211    i.NMI_Handler       stm32l0xx_it.o
    0x0800344a   0x0800344a   0x00000002   Code   RO          212    i.PendSV_Handler    stm32l0xx_it.o
    0x0800344c   0x0800344c   0x00000002   Code   RO          213    i.SVC_Handler       stm32l0xx_it.o
    0x0800344e   0x0800344e   0x00000008   Code   RO          214    i.SysTick_Handler   stm32l0xx_it.o
    0x08003456   0x08003456   0x00000002   PAD
    0x08003458   0x08003458   0x0000008c   Code   RO           20    i.SystemClock_Config  main.o
    0x080034e4   0x080034e4   0x00000002   Code   RO         3482    i.SystemInit        system_stm32l0xx.o
    0x080034e6   0x080034e6   0x00000002   PAD
    0x080034e8   0x080034e8   0x00000018   Code   RO          215    i.TIM21_IRQHandler  stm32l0xx_it.o
    0x08003500   0x08003500   0x00000010   Code   RO          216    i.TIM2_IRQHandler   stm32l0xx_it.o
    0x08003510   0x08003510   0x00000010   Code   RO          217    i.TIM6_DAC_IRQHandler  stm32l0xx_it.o
    0x08003520   0x08003520   0x00000058   Code   RO         2385    i.TIM_Base_SetConfig  stm32l0xx_hal_tim.o
    0x08003578   0x08003578   0x00000016   Code   RO         2396    i.TIM_ETR_SetConfig  stm32l0xx_hal_tim.o
    0x0800358e   0x0800358e   0x00000010   Code   RO         2397    i.TIM_ITRx_SetConfig  stm32l0xx_hal_tim.o
    0x0800359e   0x0800359e   0x00000030   Code   RO         2398    i.TIM_OC1_SetConfig  stm32l0xx_hal_tim.o
    0x080035ce   0x080035ce   0x00000032   Code   RO         2399    i.TIM_OC2_SetConfig  stm32l0xx_hal_tim.o
    0x08003600   0x08003600   0x00000036   Code   RO         2400    i.TIM_OC3_SetConfig  stm32l0xx_hal_tim.o
    0x08003636   0x08003636   0x00000036   Code   RO         2401    i.TIM_OC4_SetConfig  stm32l0xx_hal_tim.o
    0x0800366c   0x0800366c   0x00000022   Code   RO         2403    i.TIM_TI1_ConfigInputStage  stm32l0xx_hal_tim.o
    0x0800368e   0x0800368e   0x00000026   Code   RO         2405    i.TIM_TI2_ConfigInputStage  stm32l0xx_hal_tim.o
    0x080036b4   0x080036b4   0x000000ca   Code   RO         3056    i.UART_AdvFeatureConfig  stm32l0xx_hal_uart.o
    0x0800377e   0x0800377e   0x00000002   PAD
    0x08003780   0x08003780   0x00000064   Code   RO         3057    i.UART_CheckIdleState  stm32l0xx_hal_uart.o
    0x080037e4   0x080037e4   0x00000014   Code   RO         3058    i.UART_DMAAbortOnError  stm32l0xx_hal_uart.o
    0x080037f8   0x080037f8   0x0000005e   Code   RO         3068    i.UART_EndRxTransfer  stm32l0xx_hal_uart.o
    0x08003856   0x08003856   0x00000002   PAD
    0x08003858   0x08003858   0x00000200   Code   RO         3072    i.UART_SetConfig    stm32l0xx_hal_uart.o
    0x08003a58   0x08003a58   0x000000d4   Code   RO         3077    i.UART_WaitOnFlagUntilTimeout  stm32l0xx_hal_uart.o
    0x08003b2c   0x08003b2c   0x00000010   Code   RO          218    i.USART1_IRQHandler  stm32l0xx_it.o
    0x08003b3c   0x08003b3c   0x00000030   Code   RO         1392    i.__ARM_common_ll_muluu  stm32l0xx_hal_rcc.o
    0x08003b6c   0x08003b6c   0x0000001a   Code   RO         1931    i.__ARM_common_switch8  stm32l0xx_hal_dma.o
    0x08003b86   0x08003b86   0x00000002   PAD
    0x08003b88   0x08003b88   0x0000002c   Code   RO         3630    i.__ARM_fpclassify  m_ps.l(fpclassify.o)
    0x08003bb4   0x08003bb4   0x00000044   Code   RO         2125    i.__NVIC_SetPriority  stm32l0xx_hal_cortex.o
    0x08003bf8   0x08003bf8   0x0000000e   Code   RO         3533    i._is_digit         c_p.l(__printf_wp.o)
    0x08003c06   0x08003c06   0x00000002   PAD
    0x08003c08   0x08003c08   0x0000014c   Code   RO           21    i.main              main.o
    0x08003d54   0x08003d54   0x0000002c   Code   RO         3624    locale$$code        c_p.l(lc_numeric_c.o)
    0x08003d80   0x08003d80   0x0000008c   Code   RO         3559    x$fpl$fadd          fz_ps.l(faddsub.o)
    0x08003e0c   0x08003e0c   0x000000b0   Code   RO         3567    x$fpl$fmul          fz_ps.l(fmul.o)
    0x08003ebc   0x08003ebc   0x000000d0   Code   RO         3561    x$fpl$fsub          fz_ps.l(faddsub.o)
    0x08003f8c   0x08003f8c   0x00000010   Code   RO         3571    x$fpl$printf1       fz_ps.l(printf1.o)
    0x08003f9c   0x08003f9c   0x00000000   Code   RO         3589    x$fpl$usenofp       fz_ps.l(usenofp.o)
    0x08003f9c   0x08003f9c   0x00000019   Data   RO         3483    .constdata          system_stm32l0xx.o
    0x08003fb5   0x08003fb5   0x00000008   Data   RO         3484    .constdata          system_stm32l0xx.o
    0x08003fbd   0x08003fbd   0x00000003   PAD
    0x08003fc0   0x08003fc0   0x00000094   Data   RO         3619    .constdata          c_p.l(bigflt0.o)
    0x08004054   0x08004054   0x00000020   Data   RO         3779    Region$$Table       anon$$obj.o
    0x08004074   0x08004074   0x0000001c   Data   RO         3623    locale$$data        c_p.l(lc_numeric_c.o)


    Execution Region RW_IRAM1 (Exec base: 0x20000000, Load base: 0x08004090, Size: 0x000008a0, Max: 0x00002000, ABSOLUTE)

    Exec Addr    Load Addr    Size         Type   Attr      Idx    E Section Name        Object

    0x20000000   0x08004090   0x0000000c   Data   RW          623    .data               stm32l0xx_hal.o
    0x2000000c   0x0800409c   0x00000004   Data   RW         3485    .data               system_stm32l0xx.o
    0x20000010        -       0x000001a0   Zero   RW           22    .bss                main.o
    0x200001b0        -       0x00000048   Zero   RW           23    .bss                main.o
    0x200001f8        -       0x00000048   Zero   RW           24    .bss                main.o
    0x20000240        -       0x00000060   Zero   RW         3633    .bss                c_p.l(libspace.o)
    0x200002a0        -       0x00000200   Zero   RW            2    HEAP                startup_stm32l053xx.o
    0x200004a0        -       0x00000400   Zero   RW            1    STACK               startup_stm32l053xx.o


==============================================================================

Image component sizes


      Code (inc. data)   RO Data    RW Data    ZI Data      Debug   Object Name

      1150        106          0          0        560     390791   main.o
        56         26        192          0       1536        668   startup_stm32l053xx.o
       172         28          0         12          0       9249   stm32l0xx_hal.o
      1562         40          0          0          0      10293   stm32l0xx_hal_adc.o
       178          0          0          0          0       1478   stm32l0xx_hal_adc_ex.o
       148         24          0          0          0      12237   stm32l0xx_hal_cortex.o
       482         12          0          0          0       3519   stm32l0xx_hal_dma.o
         0          0          0          0          0       2492   stm32l0xx_hal_flash.o
       460         30          0          0          0       2809   stm32l0xx_hal_gpio.o
       516         58          0          0          0       3668   stm32l0xx_hal_msp.o
      1810         94          0          0          0       5944   stm32l0xx_hal_rcc.o
       408         12          0          0          0       1528   stm32l0xx_hal_rcc_ex.o
      1338         18          0          0          0      15067   stm32l0xx_hal_tim.o
        88         10          0          0          0       1268   stm32l0xx_hal_tim_ex.o
      2138         74          0          0          0      13943   stm32l0xx_hal_uart.o
         2          0          0          0          0       1052   stm32l0xx_hal_uart_ex.o
       128         36          0          0          0       5226   stm32l0xx_it.o
         2          0         33          4          0       1255   system_stm32l0xx.o

    ----------------------------------------------------------------------
     10668        568        260         16       2096     482487   Object Totals
         0          0         32          0          0          0   (incl. Generated)
        30          0          3          0          0          0   (incl. Padding)

    ----------------------------------------------------------------------

      Code (inc. data)   RO Data    RW Data    ZI Data      Debug   Library Member Name

         8          0          0          0          0         68   __main.o
       284          0          0          0          0        136   __printf_wp.o
         0          0          0          0          0          0   __rtentry.o
        12          0          0          0          0          0   __rtentry2.o
         6          0          0          0          0          0   __rtentry4.o
        60          8          0          0          0          0   __scatter.o
        26          0          0          0          0          0   __scatter_copy.o
        28          0          0          0          0          0   __scatter_zi.o
        48          6          0          0          0         88   _printf_char_common.o
        10          0          0          0          0          0   _printf_f.o
      1048         14          0          0          0        176   _printf_fp_dec.o
       136         16          0          0          0         76   _printf_fp_infnan.o
         2          0          0          0          0          0   _printf_percent.o
         4          0          0          0          0          0   _printf_percent_end.o
        10          0          0          0          0         60   _sputc.o
       346          0          0          0          0         92   aeabi_sdiv.o
       216          6        148          0          0         80   bigflt0.o
      1408         30          0          0          0        260   btod.o
        16          0          0          0          0         68   exit.o
         6          0          0          0          0        136   heapauxi.o
         0          0          0          0          0          0   indicate_semi.o
        44         10         28          0          0         76   lc_numeric_c.o
         2          0          0          0          0          0   libinit.o
        18          0          0          0          0          0   libinit2.o
         2          0          0          0          0          0   libshutdown.o
         2          0          0          0          0          0   libshutdown2.o
         8          4          0          0         96         68   libspace.o
       258          0          0          0          0         88   lludiv.o
       122          0          0          0          0         72   lludiv10.o
        40          4          0          0          0         84   noretval__2sprintf.o
         8          4          0          0          0         68   rt_locale_intlibspace.o
        64          0          0          0          0        108   rt_memclr.o
         2          0          0          0          0          0   rtexit.o
        10          0          0          0          0          0   rtexit2.o
        40          0          0          0          0         60   rtudiv10.o
       136          4          0          0          0         72   strcmp.o
        68          6          0          0          0         72   strlen.o
        12          4          0          0          0         60   sys_exit.o
        62          0          0          0          0         80   sys_stackheap_outer.o
         2          0          0          0          0         68   use_no_semi.o
        84          4          0          0          0         60   f2d.o
       348          8          0          0          0        160   faddsub.o
        94          0          0          0          0         92   fflti.o
       176          4          0          0          0         80   fmul.o
        68          4          0          0          0         68   fscalbn.o
        16          4          0          0          0         76   printf1.o
         0          0          0          0          0          0   usenofp.o
        44          4          0          0          0         60   fpclassify.o

    ----------------------------------------------------------------------
      5424        144        176          0         96       2812   Library Totals
        20          0          0          0          0          0   (incl. Padding)

    ----------------------------------------------------------------------

      Code (inc. data)   RO Data    RW Data    ZI Data      Debug   Library Name

      4574        116        176          0         96       2216   c_p.l
       786         24          0          0          0        536   fz_ps.l
        44          4          0          0          0         60   m_ps.l

    ----------------------------------------------------------------------
      5424        144        176          0         96       2812   Library Totals

    ----------------------------------------------------------------------

==============================================================================


      Code (inc. data)   RO Data    RW Data    ZI Data      Debug   

     16092        712        436         16       2192     479783   Grand Totals
     16092        712        436         16       2192     479783   ELF Image Totals
     16092        712        436         16          0          0   ROM Totals

==============================================================================

    Total RO  Size (Code + RO Data)                16528 (  16.14kB)
    Total RW  Size (RW Data + ZI Data)              2208 (   2.16kB)
    Total ROM Size (Code + RO Data + RW Data)      16544 (  16.16kB)

==============================================================================

