<html>
<body>
<pre>
<h1>µVision Build Log</h1>
<h2>Tool Versions:</h2>
IDE-Version: µVision V5.36.0.0
Copyright (C) 2021 ARM Ltd and ARM Germany GmbH. All rights reserved.
License Information: nik radioslesar, mycomp, LIC=----
 
Tool Versions:
Toolchain:       MDK-Lite  Version: 5.36.0.0
Toolchain Path:  C:\Keil_v5\ARM\ARMCC\Bin
C Compiler:      Armcc.exe V5.06 update 7 (build 960)
Assembler:       Armasm.exe V5.06 update 7 (build 960)
Linker/Locator:  ArmLink.exe V5.06 update 7 (build 960)
Library Manager: ArmAr.exe V5.06 update 7 (build 960)
Hex Converter:   FromElf.exe V5.06 update 7 (build 960)
CPU DLL:         SARMCM3.DLL V5.36.0.0
Dialog DLL:      DARMCM1.DLL V1.19.4.0
Target DLL:      STLink\ST-LINKIII-KEIL_SWO.dll V3.0.9.0
Dialog DLL:      TARMCM1.DLL V1.14.4.0
 
<h2>Project:</h2>
D:\Electrinix\STM32\stm_32_soft\stm_32_my_soft\stm32_l053_soft\CUBE\stm32_test_ADC\MDK-ARM\stm32_test_ADC.uvprojx
Project File Date:  01/16/2023

<h2>Output:</h2>
*** Using Compiler 'V5.06 update 7 (build 960)', folder: 'C:\Keil_v5\ARM\ARMCC\Bin'
Build target 'stm32_test_ADC'
compiling main.c...
../Core/Src/main.c(107): warning:  #177-D: variable "Vmotor"  was declared but never referenced
  	float Vmotor = 1.73f;
../Core/Src/main.c(108): warning:  #177-D: variable "Vusb"  was declared but never referenced
  	float Vusb = 2.5f;
../Core/Src/main.c(109): warning:  #177-D: variable "Vbus_volt"  was declared but never referenced
  	float Vbus_volt = 2.6f;
../Core/Src/main.c(111): warning:  #177-D: variable "i"  was declared but never referenced
  	uint16_t i = 0;
../Core/Src/main.c(112): warning:  #177-D: variable "i_old"  was declared but never referenced
  	uint16_t i_old = 0;
../Core/Src/main.c: 5 warnings, 0 errors
linking...
Program Size: Code=15908 RO-data=512 RW-data=28 ZI-data=2268  
FromELF: creating hex file...
"stm32_test_ADC\stm32_test_ADC.axf" - 0 Error(s), 5 Warning(s).

<h2>Software Packages used:</h2>

Package Vendor: ARM
                http://www.keil.com/pack/ARM.CMSIS.5.9.0.pack
                ARM.CMSIS.5.9.0
                CMSIS (Common Microcontroller Software Interface Standard)
   * Component: CORE Version: 5.6.0

Package Vendor: Keil
                http://www.keil.com/pack/Keil.STM32L0xx_DFP.2.2.0.pack
                Keil.STM32L0xx_DFP.2.2.0
                STMicroelectronics STM32L0 Series Device Support, Drivers and Examples

<h2>Collection of Component include folders:</h2>
  .\RTE\_stm32_test_ADC
  C:\Users\q_new\AppData\Local\Arm\Packs\ARM\CMSIS\5.9.0\CMSIS\Core\Include
  C:\Users\q_new\AppData\Local\Arm\Packs\Keil\STM32L0xx_DFP\2.2.0\Drivers\CMSIS\Device\ST\STM32L0xx\Include

<h2>Collection of Component Files used:</h2>

   * Component: ARM::CMSIS:CORE:5.6.0
      Include file:  CMSIS\Core\Include\tz_context.h
Build Time Elapsed:  00:00:01
</pre>
</body>
</html>
